Archive member included to satisfy reference by file (symbol)

/usr/lib/gcc/arm-none-eabi/11.2.0/thumb/v7e-m/nofp/libgcc.a(_aeabi_ldivmod.o)
                              CMakeFiles/f411_test.elf.dir/Drivers/STM32F4xx_HAL_Driver/Src/stm32f4xx_hal_rcc.c.obj (__aeabi_ldivmod)
/usr/lib/gcc/arm-none-eabi/11.2.0/thumb/v7e-m/nofp/libgcc.a(_aeabi_uldivmod.o)
                              CMakeFiles/f411_test.elf.dir/Drivers/STM32F4xx_HAL_Driver/Src/stm32f4xx_hal_rcc.c.obj (__aeabi_uldivmod)
/usr/lib/gcc/arm-none-eabi/11.2.0/thumb/v7e-m/nofp/libgcc.a(_udivmoddi4.o)
                              /usr/lib/gcc/arm-none-eabi/11.2.0/thumb/v7e-m/nofp/libgcc.a(_aeabi_ldivmod.o) (__udivmoddi4)
/usr/lib/gcc/arm-none-eabi/11.2.0/thumb/v7e-m/nofp/libgcc.a(_dvmd_tls.o)
                              /usr/lib/gcc/arm-none-eabi/11.2.0/thumb/v7e-m/nofp/libgcc.a(_aeabi_ldivmod.o) (__aeabi_ldiv0)
/usr/lib/gcc/arm-none-eabi/11.2.0/../../../../arm-none-eabi/lib/thumb/v7e-m/nofp/libc.a(lib_a-atexit.o)
                              /usr/lib/gcc/arm-none-eabi/11.2.0/../../../../arm-none-eabi/lib/thumb/v7e-m/nofp/crt0.o (atexit)
/usr/lib/gcc/arm-none-eabi/11.2.0/../../../../arm-none-eabi/lib/thumb/v7e-m/nofp/libc.a(lib_a-errno.o)
                              CMakeFiles/f411_test.elf.dir/Core/Src/syscalls.c.obj (__errno)
/usr/lib/gcc/arm-none-eabi/11.2.0/../../../../arm-none-eabi/lib/thumb/v7e-m/nofp/libc.a(lib_a-exit.o)
                              /usr/lib/gcc/arm-none-eabi/11.2.0/../../../../arm-none-eabi/lib/thumb/v7e-m/nofp/crt0.o (exit)
/usr/lib/gcc/arm-none-eabi/11.2.0/../../../../arm-none-eabi/lib/thumb/v7e-m/nofp/libc.a(lib_a-fini.o)
                              /usr/lib/gcc/arm-none-eabi/11.2.0/../../../../arm-none-eabi/lib/thumb/v7e-m/nofp/crt0.o (__libc_fini_array)
/usr/lib/gcc/arm-none-eabi/11.2.0/../../../../arm-none-eabi/lib/thumb/v7e-m/nofp/libc.a(lib_a-impure.o)
                              /usr/lib/gcc/arm-none-eabi/11.2.0/../../../../arm-none-eabi/lib/thumb/v7e-m/nofp/libc.a(lib_a-exit.o) (_global_impure_ptr)
/usr/lib/gcc/arm-none-eabi/11.2.0/../../../../arm-none-eabi/lib/thumb/v7e-m/nofp/libc.a(lib_a-init.o)
                              /usr/lib/gcc/arm-none-eabi/11.2.0/../../../../arm-none-eabi/lib/thumb/v7e-m/nofp/crt0.o (__libc_init_array)
/usr/lib/gcc/arm-none-eabi/11.2.0/../../../../arm-none-eabi/lib/thumb/v7e-m/nofp/libc.a(lib_a-memcpy.o)
                              CMakeFiles/f411_test.elf.dir/Middlewares/Third_Party/FreeRTOS/Source/CMSIS_RTOS_V2/cmsis_os2.c.obj (memcpy)
/usr/lib/gcc/arm-none-eabi/11.2.0/../../../../arm-none-eabi/lib/thumb/v7e-m/nofp/libc.a(lib_a-memset.o)
                              /usr/lib/gcc/arm-none-eabi/11.2.0/../../../../arm-none-eabi/lib/thumb/v7e-m/nofp/crt0.o (memset)
/usr/lib/gcc/arm-none-eabi/11.2.0/../../../../arm-none-eabi/lib/thumb/v7e-m/nofp/libc.a(lib_a-reent.o)
                              CMakeFiles/f411_test.elf.dir/Middlewares/Third_Party/FreeRTOS/Source/tasks.c.obj (_reclaim_reent)
/usr/lib/gcc/arm-none-eabi/11.2.0/../../../../arm-none-eabi/lib/thumb/v7e-m/nofp/libc.a(lib_a-__atexit.o)
                              /usr/lib/gcc/arm-none-eabi/11.2.0/../../../../arm-none-eabi/lib/thumb/v7e-m/nofp/libc.a(lib_a-atexit.o) (__register_exitproc)
/usr/lib/gcc/arm-none-eabi/11.2.0/../../../../arm-none-eabi/lib/thumb/v7e-m/nofp/libc.a(lib_a-__call_atexit.o)
                              /usr/lib/gcc/arm-none-eabi/11.2.0/../../../../arm-none-eabi/lib/thumb/v7e-m/nofp/libc.a(lib_a-exit.o) (__call_exitprocs)
/usr/lib/gcc/arm-none-eabi/11.2.0/../../../../arm-none-eabi/lib/thumb/v7e-m/nofp/libc.a(lib_a-freer.o)
                              /usr/lib/gcc/arm-none-eabi/11.2.0/../../../../arm-none-eabi/lib/thumb/v7e-m/nofp/libc.a(lib_a-reent.o) (_free_r)
/usr/lib/gcc/arm-none-eabi/11.2.0/../../../../arm-none-eabi/lib/thumb/v7e-m/nofp/libc.a(lib_a-lock.o)
                              /usr/lib/gcc/arm-none-eabi/11.2.0/../../../../arm-none-eabi/lib/thumb/v7e-m/nofp/libc.a(lib_a-__atexit.o) (__retarget_lock_acquire_recursive)
/usr/lib/gcc/arm-none-eabi/11.2.0/../../../../arm-none-eabi/lib/thumb/v7e-m/nofp/libc.a(lib_a-mallocr.o)
                              /usr/lib/gcc/arm-none-eabi/11.2.0/../../../../arm-none-eabi/lib/thumb/v7e-m/nofp/libc.a(lib_a-freer.o) (__malloc_current_mallinfo)
/usr/lib/gcc/arm-none-eabi/11.2.0/../../../../arm-none-eabi/lib/thumb/v7e-m/nofp/libc.a(lib_a-mlock.o)
                              /usr/lib/gcc/arm-none-eabi/11.2.0/../../../../arm-none-eabi/lib/thumb/v7e-m/nofp/libc.a(lib_a-freer.o) (__malloc_lock)
/usr/lib/gcc/arm-none-eabi/11.2.0/../../../../arm-none-eabi/lib/thumb/v7e-m/nofp/libc.a(lib_a-sbrkr.o)
                              /usr/lib/gcc/arm-none-eabi/11.2.0/../../../../arm-none-eabi/lib/thumb/v7e-m/nofp/libc.a(lib_a-freer.o) (_sbrk_r)

Discarded input sections

 .text          0x0000000000000000        0x0 /usr/lib/gcc/arm-none-eabi/11.2.0/thumb/v7e-m/nofp/crti.o
[...]
Memory Configuration

Name             Origin             Length             Attributes
RAM              0x0000000020000000 0x0000000000020000 xrw
FLASH            0x0000000008000000 0x0000000000080000 xr
*default*        0x0000000000000000 0xffffffffffffffff

Linker script and memory map

LOAD /usr/lib/gcc/arm-none-eabi/11.2.0/thumb/v7e-m/nofp/crti.o
LOAD /usr/lib/gcc/arm-none-eabi/11.2.0/thumb/v7e-m/nofp/crtbegin.o
LOAD /usr/lib/gcc/arm-none-eabi/11.2.0/../../../../arm-none-eabi/lib/thumb/v7e-m/nofp/crt0.o
LOAD CMakeFiles/f411_test.elf.dir/Core/Src/freertos.c.obj
LOAD CMakeFiles/f411_test.elf.dir/Core/Src/gpio.c.obj
LOAD CMakeFiles/f411_test.elf.dir/Core/Src/i2c.c.obj
LOAD CMakeFiles/f411_test.elf.dir/Core/Src/main.c.obj
LOAD CMakeFiles/f411_test.elf.dir/Core/Src/stm32f4xx_hal_msp.c.obj
LOAD CMakeFiles/f411_test.elf.dir/Core/Src/stm32f4xx_hal_timebase_tim.c.obj
LOAD CMakeFiles/f411_test.elf.dir/Core/Src/stm32f4xx_it.c.obj
LOAD CMakeFiles/f411_test.elf.dir/Core/Src/syscalls.c.obj
LOAD CMakeFiles/f411_test.elf.dir/Core/Src/sysmem.c.obj
LOAD CMakeFiles/f411_test.elf.dir/Core/Src/system_stm32f4xx.c.obj
LOAD CMakeFiles/f411_test.elf.dir/Core/Startup/startup_stm32f411ceux.s.obj
LOAD CMakeFiles/f411_test.elf.dir/Drivers/STM32F4xx_HAL_Driver/Src/stm32f4xx_hal.c.obj
LOAD CMakeFiles/f411_test.elf.dir/Drivers/STM32F4xx_HAL_Driver/Src/stm32f4xx_hal_cortex.c.obj
LOAD CMakeFiles/f411_test.elf.dir/Drivers/STM32F4xx_HAL_Driver/Src/stm32f4xx_hal_dma.c.obj
LOAD CMakeFiles/f411_test.elf.dir/Drivers/STM32F4xx_HAL_Driver/Src/stm32f4xx_hal_dma_ex.c.obj
LOAD CMakeFiles/f411_test.elf.dir/Drivers/STM32F4xx_HAL_Driver/Src/stm32f4xx_hal_exti.c.obj
LOAD CMakeFiles/f411_test.elf.dir/Drivers/STM32F4xx_HAL_Driver/Src/stm32f4xx_hal_flash.c.obj
LOAD CMakeFiles/f411_test.elf.dir/Drivers/STM32F4xx_HAL_Driver/Src/stm32f4xx_hal_flash_ex.c.obj
LOAD CMakeFiles/f411_test.elf.dir/Drivers/STM32F4xx_HAL_Driver/Src/stm32f4xx_hal_flash_ramfunc.c.obj
LOAD CMakeFiles/f411_test.elf.dir/Drivers/STM32F4xx_HAL_Driver/Src/stm32f4xx_hal_gpio.c.obj
LOAD CMakeFiles/f411_test.elf.dir/Drivers/STM32F4xx_HAL_Driver/Src/stm32f4xx_hal_i2c.c.obj
LOAD CMakeFiles/f411_test.elf.dir/Drivers/STM32F4xx_HAL_Driver/Src/stm32f4xx_hal_i2c_ex.c.obj
LOAD CMakeFiles/f411_test.elf.dir/Drivers/STM32F4xx_HAL_Driver/Src/stm32f4xx_hal_pcd.c.obj
LOAD CMakeFiles/f411_test.elf.dir/Drivers/STM32F4xx_HAL_Driver/Src/stm32f4xx_hal_pcd_ex.c.obj
LOAD CMakeFiles/f411_test.elf.dir/Drivers/STM32F4xx_HAL_Driver/Src/stm32f4xx_hal_pwr.c.obj
LOAD CMakeFiles/f411_test.elf.dir/Drivers/STM32F4xx_HAL_Driver/Src/stm32f4xx_hal_pwr_ex.c.obj
LOAD CMakeFiles/f411_test.elf.dir/Drivers/STM32F4xx_HAL_Driver/Src/stm32f4xx_hal_rcc.c.obj
LOAD CMakeFiles/f411_test.elf.dir/Drivers/STM32F4xx_HAL_Driver/Src/stm32f4xx_hal_rcc_ex.c.obj
LOAD CMakeFiles/f411_test.elf.dir/Drivers/STM32F4xx_HAL_Driver/Src/stm32f4xx_hal_tim.c.obj
LOAD CMakeFiles/f411_test.elf.dir/Drivers/STM32F4xx_HAL_Driver/Src/stm32f4xx_hal_tim_ex.c.obj
LOAD CMakeFiles/f411_test.elf.dir/Drivers/STM32F4xx_HAL_Driver/Src/stm32f4xx_ll_usb.c.obj
LOAD CMakeFiles/f411_test.elf.dir/Middlewares/ST/STM32_USB_Device_Library/Class/CDC/Src/usbd_cdc.c.obj
LOAD CMakeFiles/f411_test.elf.dir/Middlewares/ST/STM32_USB_Device_Library/Core/Src/usbd_core.c.obj
LOAD CMakeFiles/f411_test.elf.dir/Middlewares/ST/STM32_USB_Device_Library/Core/Src/usbd_ctlreq.c.obj
LOAD CMakeFiles/f411_test.elf.dir/Middlewares/ST/STM32_USB_Device_Library/Core/Src/usbd_ioreq.c.obj
LOAD CMakeFiles/f411_test.elf.dir/Middlewares/Third_Party/FreeRTOS/Source/CMSIS_RTOS_V2/cmsis_os2.c.obj
LOAD CMakeFiles/f411_test.elf.dir/Middlewares/Third_Party/FreeRTOS/Source/croutine.c.obj
LOAD CMakeFiles/f411_test.elf.dir/Middlewares/Third_Party/FreeRTOS/Source/event_groups.c.obj
LOAD CMakeFiles/f411_test.elf.dir/Middlewares/Third_Party/FreeRTOS/Source/list.c.obj
LOAD CMakeFiles/f411_test.elf.dir/Middlewares/Third_Party/FreeRTOS/Source/portable/GCC/ARM_CM4F/port.c.obj
LOAD CMakeFiles/f411_test.elf.dir/Middlewares/Third_Party/FreeRTOS/Source/portable/MemMang/heap_4.c.obj
LOAD CMakeFiles/f411_test.elf.dir/Middlewares/Third_Party/FreeRTOS/Source/queue.c.obj
LOAD CMakeFiles/f411_test.elf.dir/Middlewares/Third_Party/FreeRTOS/Source/stream_buffer.c.obj
LOAD CMakeFiles/f411_test.elf.dir/Middlewares/Third_Party/FreeRTOS/Source/tasks.c.obj
LOAD CMakeFiles/f411_test.elf.dir/Middlewares/Third_Party/FreeRTOS/Source/timers.c.obj
LOAD CMakeFiles/f411_test.elf.dir/USB_DEVICE/App/usb_device.c.obj
LOAD CMakeFiles/f411_test.elf.dir/USB_DEVICE/App/usbd_cdc_if.c.obj
LOAD CMakeFiles/f411_test.elf.dir/USB_DEVICE/App/usbd_desc.c.obj
LOAD CMakeFiles/f411_test.elf.dir/USB_DEVICE/Target/usbd_conf.c.obj
START GROUP
LOAD /usr/lib/gcc/arm-none-eabi/11.2.0/thumb/v7e-m/nofp/libgcc.a
LOAD /usr/lib/gcc/arm-none-eabi/11.2.0/../../../../arm-none-eabi/lib/thumb/v7e-m/nofp/libc.a
END GROUP
LOAD /usr/lib/gcc/arm-none-eabi/11.2.0/thumb/v7e-m/nofp/crtend.o
LOAD /usr/lib/gcc/arm-none-eabi/11.2.0/thumb/v7e-m/nofp/crtn.o
                0x0000000020020000                _estack = (ORIGIN (RAM) + LENGTH (RAM))
                0x0000000000000200                _Min_Heap_Size = 0x200
                0x0000000000000400                _Min_Stack_Size = 0x400

.isr_vector     0x0000000008000000      0x198
                0x0000000008000000                . = ALIGN (0x4)
 *(.isr_vector)
 .isr_vector    0x0000000008000000      0x198 CMakeFiles/f411_test.elf.dir/Core/Startup/startup_stm32f411ceux.s.obj
                0x0000000008000000                g_pfnVectors
                0x0000000008000198                . = ALIGN (0x4)

.text           0x00000000080001a0     0x5d2c
                0x00000000080001a0                . = ALIGN (0x4)
 *(.text)
 .text          0x00000000080001a0       0x30 /usr/lib/gcc/arm-none-eabi/11.2.0/thumb/v7e-m/nofp/libgcc.a(_aeabi_uldivmod.o)
                0x00000000080001a0                __aeabi_uldivmod
 .text          0x00000000080001d0        0x4 /usr/lib/gcc/arm-none-eabi/11.2.0/thumb/v7e-m/nofp/libgcc.a(_dvmd_tls.o)
                0x00000000080001d0                __aeabi_ldiv0
                0x00000000080001d0                __aeabi_idiv0
 .text          0x00000000080001d4      0x134 /usr/lib/gcc/arm-none-eabi/11.2.0/../../../../arm-none-eabi/lib/thumb/v7e-m/nofp/libc.a(lib_a-memcpy.o)
                0x00000000080001d4                memcpy
 *(.text*)
 .text.__do_global_dtors_aux
                0x0000000008000308       0x24 /usr/lib/gcc/arm-none-eabi/11.2.0/thumb/v7e-m/nofp/crtbegin.o
 .text.frame_dummy
                0x000000000800032c       0x1c /usr/lib/gcc/arm-none-eabi/11.2.0/thumb/v7e-m/nofp/crtbegin.o
 .text.StartDefaultTask
                0x0000000008000348        0xe CMakeFiles/f411_test.elf.dir/Core/Src/freertos.c.obj
                0x0000000008000348                StartDefaultTask
 .text.StartTask02
                0x0000000008000356        0xa CMakeFiles/f411_test.elf.dir/Core/Src/freertos.c.obj
                0x0000000008000356                StartTask02
 .text.MX_FREERTOS_Init
                0x0000000008000360       0x50 CMakeFiles/f411_test.elf.dir/Core/Src/freertos.c.obj
                0x0000000008000360                MX_FREERTOS_Init
 .text.MX_GPIO_Init
                0x00000000080003b0       0xe0 CMakeFiles/f411_test.elf.dir/Core/Src/gpio.c.obj
                0x00000000080003b0                MX_GPIO_Init
 .text.HAL_GPIO_EXTI_Callback
                0x0000000008000490       0x50 CMakeFiles/f411_test.elf.dir/Core/Src/gpio.c.obj
                0x0000000008000490                HAL_GPIO_EXTI_Callback
 .text.MX_I2C1_Init
                0x00000000080004e0       0x3c CMakeFiles/f411_test.elf.dir/Core/Src/i2c.c.obj
                0x00000000080004e0                MX_I2C1_Init
 .text.HAL_I2C_MspInit
                0x000000000800051c       0x6c CMakeFiles/f411_test.elf.dir/Core/Src/i2c.c.obj
                0x000000000800051c                HAL_I2C_MspInit
 .text.SystemClock_Config
                0x0000000008000588       0xa0 CMakeFiles/f411_test.elf.dir/Core/Src/main.c.obj
                0x0000000008000588                SystemClock_Config
 .text.startup.main
                0x0000000008000628       0x20 CMakeFiles/f411_test.elf.dir/Core/Src/main.c.obj
                0x0000000008000628                main
 .text.CDC_USB_Receive_Callback
                0x0000000008000648       0x1c CMakeFiles/f411_test.elf.dir/Core/Src/main.c.obj
                0x0000000008000648                CDC_USB_Receive_Callback
 .text.HAL_TIM_PeriodElapsedCallback
                0x0000000008000664       0x14 CMakeFiles/f411_test.elf.dir/Core/Src/main.c.obj
                0x0000000008000664                HAL_TIM_PeriodElapsedCallback
 .text.Error_Handler
                0x0000000008000678        0x4 CMakeFiles/f411_test.elf.dir/Core/Src/main.c.obj
                0x0000000008000678                Error_Handler
 .text.HAL_MspInit
                0x000000000800067c       0x64 CMakeFiles/f411_test.elf.dir/Core/Src/stm32f4xx_hal_msp.c.obj
                0x000000000800067c                HAL_MspInit
 .text.HAL_InitTick
                0x00000000080006e0       0x78 CMakeFiles/f411_test.elf.dir/Core/Src/stm32f4xx_hal_timebase_tim.c.obj
                0x00000000080006e0                HAL_InitTick
 .text.NMI_Handler
                0x0000000008000758        0x2 CMakeFiles/f411_test.elf.dir/Core/Src/stm32f4xx_it.c.obj
                0x0000000008000758                NMI_Handler
 .text.HardFault_Handler
                0x000000000800075a        0x2 CMakeFiles/f411_test.elf.dir/Core/Src/stm32f4xx_it.c.obj
                0x000000000800075a                HardFault_Handler
 .text.MemManage_Handler
                0x000000000800075c        0x2 CMakeFiles/f411_test.elf.dir/Core/Src/stm32f4xx_it.c.obj
                0x000000000800075c                MemManage_Handler
 .text.BusFault_Handler
                0x000000000800075e        0x2 CMakeFiles/f411_test.elf.dir/Core/Src/stm32f4xx_it.c.obj
                0x000000000800075e                BusFault_Handler
 .text.UsageFault_Handler
                0x0000000008000760        0x2 CMakeFiles/f411_test.elf.dir/Core/Src/stm32f4xx_it.c.obj
                0x0000000008000760                UsageFault_Handler
 .text.DebugMon_Handler
                0x0000000008000762        0x2 CMakeFiles/f411_test.elf.dir/Core/Src/stm32f4xx_it.c.obj
                0x0000000008000762                DebugMon_Handler
 .text.RCC_IRQHandler
                0x0000000008000764        0x2 CMakeFiles/f411_test.elf.dir/Core/Src/stm32f4xx_it.c.obj
                0x0000000008000764                RCC_IRQHandler
 .text.EXTI0_IRQHandler
                0x0000000008000766        0x6 CMakeFiles/f411_test.elf.dir/Core/Src/stm32f4xx_it.c.obj
                0x0000000008000766                EXTI0_IRQHandler
 .text.EXTI9_5_IRQHandler
                0x000000000800076c        0x8 CMakeFiles/f411_test.elf.dir/Core/Src/stm32f4xx_it.c.obj
                0x000000000800076c                EXTI9_5_IRQHandler
 .text.TIM1_TRG_COM_TIM11_IRQHandler
                0x0000000008000774        0xc CMakeFiles/f411_test.elf.dir/Core/Src/stm32f4xx_it.c.obj
                0x0000000008000774                TIM1_TRG_COM_TIM11_IRQHandler
 .text.OTG_FS_IRQHandler
                0x0000000008000780        0xc CMakeFiles/f411_test.elf.dir/Core/Src/stm32f4xx_it.c.obj
                0x0000000008000780                OTG_FS_IRQHandler
 .text._sbrk    0x000000000800078c       0x40 CMakeFiles/f411_test.elf.dir/Core/Src/sysmem.c.obj
                0x000000000800078c                _sbrk
 .text.SystemInit
                0x00000000080007cc       0x14 CMakeFiles/f411_test.elf.dir/Core/Src/system_stm32f4xx.c.obj
                0x00000000080007cc                SystemInit
 .text.Reset_Handler
                0x00000000080007e0       0x50 CMakeFiles/f411_test.elf.dir/Core/Startup/startup_stm32f411ceux.s.obj
                0x00000000080007e0                Reset_Handler
 .text.Default_Handler
                0x0000000008000830        0x2 CMakeFiles/f411_test.elf.dir/Core/Startup/startup_stm32f411ceux.s.obj
                0x0000000008000830                RTC_Alarm_IRQHandler
                0x0000000008000830                EXTI2_IRQHandler
                0x0000000008000830                SPI4_IRQHandler
                0x0000000008000830                TIM1_CC_IRQHandler
                0x0000000008000830                DMA2_Stream5_IRQHandler
                0x0000000008000830                DMA1_Stream5_IRQHandler
                0x0000000008000830                PVD_IRQHandler
                0x0000000008000830                SDIO_IRQHandler
                0x0000000008000830                TAMP_STAMP_IRQHandler
                0x0000000008000830                EXTI3_IRQHandler
                0x0000000008000830                TIM1_UP_TIM10_IRQHandler
                0x0000000008000830                I2C3_ER_IRQHandler
                0x0000000008000830                I2C2_EV_IRQHandler
                0x0000000008000830                DMA1_Stream2_IRQHandler
                0x0000000008000830                FPU_IRQHandler
                0x0000000008000830                DMA2_Stream2_IRQHandler
                0x0000000008000830                SPI1_IRQHandler
                0x0000000008000830                TIM1_BRK_TIM9_IRQHandler
                0x0000000008000830                DMA2_Stream3_IRQHandler
                0x0000000008000830                USART6_IRQHandler
                0x0000000008000830                DMA2_Stream0_IRQHandler
                0x0000000008000830                TIM4_IRQHandler
                0x0000000008000830                I2C1_EV_IRQHandler
                0x0000000008000830                DMA1_Stream6_IRQHandler
                0x0000000008000830                DMA1_Stream1_IRQHandler
                0x0000000008000830                TIM3_IRQHandler
                0x0000000008000830                Default_Handler
                0x0000000008000830                EXTI15_10_IRQHandler
                0x0000000008000830                ADC_IRQHandler
                0x0000000008000830                DMA1_Stream7_IRQHandler
                0x0000000008000830                SPI5_IRQHandler
                0x0000000008000830                TIM5_IRQHandler
                0x0000000008000830                DMA2_Stream7_IRQHandler
                0x0000000008000830                I2C3_EV_IRQHandler
                0x0000000008000830                RTC_WKUP_IRQHandler
                0x0000000008000830                SPI2_IRQHandler
                0x0000000008000830                DMA1_Stream0_IRQHandler
                0x0000000008000830                EXTI4_IRQHandler
                0x0000000008000830                WWDG_IRQHandler
                0x0000000008000830                TIM2_IRQHandler
                0x0000000008000830                OTG_FS_WKUP_IRQHandler
                0x0000000008000830                EXTI1_IRQHandler
                0x0000000008000830                USART2_IRQHandler
                0x0000000008000830                I2C2_ER_IRQHandler
                0x0000000008000830                DMA2_Stream1_IRQHandler
                0x0000000008000830                FLASH_IRQHandler
                0x0000000008000830                DMA2_Stream4_IRQHandler
                0x0000000008000830                USART1_IRQHandler
                0x0000000008000830                SPI3_IRQHandler
                0x0000000008000830                DMA1_Stream4_IRQHandler
                0x0000000008000830                I2C1_ER_IRQHandler
                0x0000000008000830                DMA2_Stream6_IRQHandler
                0x0000000008000830                DMA1_Stream3_IRQHandler
 *fill*         0x0000000008000832        0x2 
 .text.HAL_Init
                0x0000000008000834       0x34 CMakeFiles/f411_test.elf.dir/Drivers/STM32F4xx_HAL_Driver/Src/stm32f4xx_hal.c.obj
                0x0000000008000834                HAL_Init
 .text.HAL_IncTick
                0x0000000008000868       0x18 CMakeFiles/f411_test.elf.dir/Drivers/STM32F4xx_HAL_Driver/Src/stm32f4xx_hal.c.obj
                0x0000000008000868                HAL_IncTick
 .text.HAL_GetTick
                0x0000000008000880        0xc CMakeFiles/f411_test.elf.dir/Drivers/STM32F4xx_HAL_Driver/Src/stm32f4xx_hal.c.obj
                0x0000000008000880                HAL_GetTick
 .text.HAL_Delay
                0x000000000800088c       0x28 CMakeFiles/f411_test.elf.dir/Drivers/STM32F4xx_HAL_Driver/Src/stm32f4xx_hal.c.obj
                0x000000000800088c                HAL_Delay
 .text.HAL_NVIC_SetPriorityGrouping
                0x00000000080008b4       0x24 CMakeFiles/f411_test.elf.dir/Drivers/STM32F4xx_HAL_Driver/Src/stm32f4xx_hal_cortex.c.obj
                0x00000000080008b4                HAL_NVIC_SetPriorityGrouping
 .text.HAL_NVIC_SetPriority
                0x00000000080008d8       0x64 CMakeFiles/f411_test.elf.dir/Drivers/STM32F4xx_HAL_Driver/Src/stm32f4xx_hal_cortex.c.obj
                0x00000000080008d8                HAL_NVIC_SetPriority
 .text.HAL_NVIC_EnableIRQ
                0x000000000800093c       0x1c CMakeFiles/f411_test.elf.dir/Drivers/STM32F4xx_HAL_Driver/Src/stm32f4xx_hal_cortex.c.obj
                0x000000000800093c                HAL_NVIC_EnableIRQ
 .text.HAL_GPIO_Init
                0x0000000008000958      0x190 CMakeFiles/f411_test.elf.dir/Drivers/STM32F4xx_HAL_Driver/Src/stm32f4xx_hal_gpio.c.obj
                0x0000000008000958                HAL_GPIO_Init
 .text.HAL_GPIO_WritePin
                0x0000000008000ae8        0xa CMakeFiles/f411_test.elf.dir/Drivers/STM32F4xx_HAL_Driver/Src/stm32f4xx_hal_gpio.c.obj
                0x0000000008000ae8                HAL_GPIO_WritePin
 .text.HAL_GPIO_TogglePin
                0x0000000008000af2       0x12 CMakeFiles/f411_test.elf.dir/Drivers/STM32F4xx_HAL_Driver/Src/stm32f4xx_hal_gpio.c.obj
                0x0000000008000af2                HAL_GPIO_TogglePin
 .text.HAL_GPIO_EXTI_IRQHandler
                0x0000000008000b04       0x18 CMakeFiles/f411_test.elf.dir/Drivers/STM32F4xx_HAL_Driver/Src/stm32f4xx_hal_gpio.c.obj
                0x0000000008000b04                HAL_GPIO_EXTI_IRQHandler
 .text.HAL_I2C_Init
                0x0000000008000b1c      0x150 CMakeFiles/f411_test.elf.dir/Drivers/STM32F4xx_HAL_Driver/Src/stm32f4xx_hal_i2c.c.obj
                0x0000000008000b1c                HAL_I2C_Init
 .text.HAL_PCD_Init
                0x0000000008000c6c      0x10a CMakeFiles/f411_test.elf.dir/Drivers/STM32F4xx_HAL_Driver/Src/stm32f4xx_hal_pcd.c.obj
                0x0000000008000c6c                HAL_PCD_Init
 .text.HAL_PCD_Start
                0x0000000008000d76       0x3e CMakeFiles/f411_test.elf.dir/Drivers/STM32F4xx_HAL_Driver/Src/stm32f4xx_hal_pcd.c.obj
                0x0000000008000d76                HAL_PCD_Start
 .text.HAL_PCD_SetAddress
                0x0000000008000db4       0x28 CMakeFiles/f411_test.elf.dir/Drivers/STM32F4xx_HAL_Driver/Src/stm32f4xx_hal_pcd.c.obj
                0x0000000008000db4                HAL_PCD_SetAddress
 .text.HAL_PCD_EP_Open
                0x0000000008000ddc       0x70 CMakeFiles/f411_test.elf.dir/Drivers/STM32F4xx_HAL_Driver/Src/stm32f4xx_hal_pcd.c.obj
                0x0000000008000ddc                HAL_PCD_EP_Open
 .text.HAL_PCD_EP_Close
                0x0000000008000e4c       0x5e CMakeFiles/f411_test.elf.dir/Drivers/STM32F4xx_HAL_Driver/Src/stm32f4xx_hal_pcd.c.obj
                0x0000000008000e4c                HAL_PCD_EP_Close
 .text.HAL_PCD_EP_Receive
                0x0000000008000eaa       0x48 CMakeFiles/f411_test.elf.dir/Drivers/STM32F4xx_HAL_Driver/Src/stm32f4xx_hal_pcd.c.obj
                0x0000000008000eaa                HAL_PCD_EP_Receive
 .text.HAL_PCD_EP_GetRxCount
                0x0000000008000ef2       0x10 CMakeFiles/f411_test.elf.dir/Drivers/STM32F4xx_HAL_Driver/Src/stm32f4xx_hal_pcd.c.obj
                0x0000000008000ef2                HAL_PCD_EP_GetRxCount
 .text.HAL_PCD_EP_Transmit
                0x0000000008000f02       0x40 CMakeFiles/f411_test.elf.dir/Drivers/STM32F4xx_HAL_Driver/Src/stm32f4xx_hal_pcd.c.obj
                0x0000000008000f02                HAL_PCD_EP_Transmit
 .text.HAL_PCD_EP_SetStall
                0x0000000008000f42       0x74 CMakeFiles/f411_test.elf.dir/Drivers/STM32F4xx_HAL_Driver/Src/stm32f4xx_hal_pcd.c.obj
                0x0000000008000f42                HAL_PCD_EP_SetStall
 .text.HAL_PCD_EP_ClrStall
                0x0000000008000fb6       0x6c CMakeFiles/f411_test.elf.dir/Drivers/STM32F4xx_HAL_Driver/Src/stm32f4xx_hal_pcd.c.obj
                0x0000000008000fb6                HAL_PCD_EP_ClrStall
 .text.HAL_PCD_EP_Abort
                0x0000000008001022       0x20 CMakeFiles/f411_test.elf.dir/Drivers/STM32F4xx_HAL_Driver/Src/stm32f4xx_hal_pcd.c.obj
                0x0000000008001022                HAL_PCD_EP_Abort
 *fill*         0x0000000008001042        0x2 
 .text.HAL_PCD_IRQHandler
                0x0000000008001044      0x690 CMakeFiles/f411_test.elf.dir/Drivers/STM32F4xx_HAL_Driver/Src/stm32f4xx_hal_pcd.c.obj
                0x0000000008001044                HAL_PCD_IRQHandler
 .text.HAL_PCDEx_SetTxFiFo
                0x00000000080016d4       0x40 CMakeFiles/f411_test.elf.dir/Drivers/STM32F4xx_HAL_Driver/Src/stm32f4xx_hal_pcd_ex.c.obj
                0x00000000080016d4                HAL_PCDEx_SetTxFiFo
 .text.HAL_PCDEx_SetRxFiFo
                0x0000000008001714        0x8 CMakeFiles/f411_test.elf.dir/Drivers/STM32F4xx_HAL_Driver/Src/stm32f4xx_hal_pcd_ex.c.obj
                0x0000000008001714                HAL_PCDEx_SetRxFiFo
 .text.HAL_PCDEx_LPM_Callback
                0x000000000800171c        0x2 CMakeFiles/f411_test.elf.dir/Drivers/STM32F4xx_HAL_Driver/Src/stm32f4xx_hal_pcd_ex.c.obj
                0x000000000800171c                HAL_PCDEx_LPM_Callback
 *fill*         0x000000000800171e        0x2 
 .text.HAL_RCC_OscConfig
                0x0000000008001720      0x358 CMakeFiles/f411_test.elf.dir/Drivers/STM32F4xx_HAL_Driver/Src/stm32f4xx_hal_rcc.c.obj
                0x0000000008001720                HAL_RCC_OscConfig
 .text.HAL_RCC_GetSysClockFreq
                0x0000000008001a78       0x5c CMakeFiles/f411_test.elf.dir/Drivers/STM32F4xx_HAL_Driver/Src/stm32f4xx_hal_rcc.c.obj
                0x0000000008001a78                HAL_RCC_GetSysClockFreq
 .text.HAL_RCC_ClockConfig
                0x0000000008001ad4      0x134 CMakeFiles/f411_test.elf.dir/Drivers/STM32F4xx_HAL_Driver/Src/stm32f4xx_hal_rcc.c.obj
                0x0000000008001ad4                HAL_RCC_ClockConfig
 .text.HAL_RCC_GetHCLKFreq
                0x0000000008001c08        0xc CMakeFiles/f411_test.elf.dir/Drivers/STM32F4xx_HAL_Driver/Src/stm32f4xx_hal_rcc.c.obj
                0x0000000008001c08                HAL_RCC_GetHCLKFreq
 .text.HAL_RCC_GetPCLK1Freq
                0x0000000008001c14       0x20 CMakeFiles/f411_test.elf.dir/Drivers/STM32F4xx_HAL_Driver/Src/stm32f4xx_hal_rcc.c.obj
                0x0000000008001c14                HAL_RCC_GetPCLK1Freq
 .text.HAL_RCC_GetPCLK2Freq
                0x0000000008001c34       0x20 CMakeFiles/f411_test.elf.dir/Drivers/STM32F4xx_HAL_Driver/Src/stm32f4xx_hal_rcc.c.obj
                0x0000000008001c34                HAL_RCC_GetPCLK2Freq
 .text.HAL_RCC_GetClockConfig
                0x0000000008001c54       0x3c CMakeFiles/f411_test.elf.dir/Drivers/STM32F4xx_HAL_Driver/Src/stm32f4xx_hal_rcc.c.obj
                0x0000000008001c54                HAL_RCC_GetClockConfig
 .text.HAL_TIM_Base_MspInit
                0x0000000008001c90        0x2 CMakeFiles/f411_test.elf.dir/Drivers/STM32F4xx_HAL_Driver/Src/stm32f4xx_hal_tim.c.obj
                0x0000000008001c90                HAL_TIM_Base_MspInit
 *fill*         0x0000000008001c92        0x2 
 .text.HAL_TIM_Base_Start_IT
                0x0000000008001c94       0x64 CMakeFiles/f411_test.elf.dir/Drivers/STM32F4xx_HAL_Driver/Src/stm32f4xx_hal_tim.c.obj
                0x0000000008001c94                HAL_TIM_Base_Start_IT
 .text.HAL_TIM_OC_DelayElapsedCallback
                0x0000000008001cf8        0x2 CMakeFiles/f411_test.elf.dir/Drivers/STM32F4xx_HAL_Driver/Src/stm32f4xx_hal_tim.c.obj
                0x0000000008001cf8                HAL_TIM_OC_DelayElapsedCallback
 .text.HAL_TIM_IC_CaptureCallback
                0x0000000008001cfa        0x2 CMakeFiles/f411_test.elf.dir/Drivers/STM32F4xx_HAL_Driver/Src/stm32f4xx_hal_tim.c.obj
                0x0000000008001cfa                HAL_TIM_IC_CaptureCallback
 .text.HAL_TIM_PWM_PulseFinishedCallback
                0x0000000008001cfc        0x2 CMakeFiles/f411_test.elf.dir/Drivers/STM32F4xx_HAL_Driver/Src/stm32f4xx_hal_tim.c.obj
                0x0000000008001cfc                HAL_TIM_PWM_PulseFinishedCallback
 .text.HAL_TIM_TriggerCallback
                0x0000000008001cfe        0x2 CMakeFiles/f411_test.elf.dir/Drivers/STM32F4xx_HAL_Driver/Src/stm32f4xx_hal_tim.c.obj
                0x0000000008001cfe                HAL_TIM_TriggerCallback
 .text.HAL_TIM_IRQHandler
                0x0000000008001d00      0x144 CMakeFiles/f411_test.elf.dir/Drivers/STM32F4xx_HAL_Driver/Src/stm32f4xx_hal_tim.c.obj
                0x0000000008001d00                HAL_TIM_IRQHandler
 .text.TIM_Base_SetConfig
                0x0000000008001e44       0x9c CMakeFiles/f411_test.elf.dir/Drivers/STM32F4xx_HAL_Driver/Src/stm32f4xx_hal_tim.c.obj
                0x0000000008001e44                TIM_Base_SetConfig
 .text.HAL_TIM_Base_Init
                0x0000000008001ee0       0x58 CMakeFiles/f411_test.elf.dir/Drivers/STM32F4xx_HAL_Driver/Src/stm32f4xx_hal_tim.c.obj
                0x0000000008001ee0                HAL_TIM_Base_Init
 .text.HAL_TIMEx_CommutCallback
                0x0000000008001f38        0x2 CMakeFiles/f411_test.elf.dir/Drivers/STM32F4xx_HAL_Driver/Src/stm32f4xx_hal_tim_ex.c.obj
                0x0000000008001f38                HAL_TIMEx_CommutCallback
 .text.HAL_TIMEx_BreakCallback
                0x0000000008001f3a        0x2 CMakeFiles/f411_test.elf.dir/Drivers/STM32F4xx_HAL_Driver/Src/stm32f4xx_hal_tim_ex.c.obj
                0x0000000008001f3a                HAL_TIMEx_BreakCallback
 .text.USB_CoreReset
                0x0000000008001f3c       0x4c CMakeFiles/f411_test.elf.dir/Drivers/STM32F4xx_HAL_Driver/Src/stm32f4xx_ll_usb.c.obj
 .text.USB_CoreInit
                0x0000000008001f88       0x80 CMakeFiles/f411_test.elf.dir/Drivers/STM32F4xx_HAL_Driver/Src/stm32f4xx_ll_usb.c.obj
                0x0000000008001f88                USB_CoreInit
 .text.USB_SetTurnaroundTime
                0x0000000008002008       0xe0 CMakeFiles/f411_test.elf.dir/Drivers/STM32F4xx_HAL_Driver/Src/stm32f4xx_ll_usb.c.obj
                0x0000000008002008                USB_SetTurnaroundTime
 .text.USB_EnableGlobalInt
                0x00000000080020e8        0xc CMakeFiles/f411_test.elf.dir/Drivers/STM32F4xx_HAL_Driver/Src/stm32f4xx_ll_usb.c.obj
                0x00000000080020e8                USB_EnableGlobalInt
 .text.USB_DisableGlobalInt
                0x00000000080020f4        0xc CMakeFiles/f411_test.elf.dir/Drivers/STM32F4xx_HAL_Driver/Src/stm32f4xx_ll_usb.c.obj
                0x00000000080020f4                USB_DisableGlobalInt
 .text.USB_SetCurrentMode
                0x0000000008002100       0x60 CMakeFiles/f411_test.elf.dir/Drivers/STM32F4xx_HAL_Driver/Src/stm32f4xx_ll_usb.c.obj
                0x0000000008002100                USB_SetCurrentMode
 .text.USB_FlushTxFifo
                0x0000000008002160       0x4c CMakeFiles/f411_test.elf.dir/Drivers/STM32F4xx_HAL_Driver/Src/stm32f4xx_ll_usb.c.obj
                0x0000000008002160                USB_FlushTxFifo
 .text.USB_FlushRxFifo
                0x00000000080021ac       0x48 CMakeFiles/f411_test.elf.dir/Drivers/STM32F4xx_HAL_Driver/Src/stm32f4xx_ll_usb.c.obj
                0x00000000080021ac                USB_FlushRxFifo
 .text.USB_SetDevSpeed
                0x00000000080021f4        0xe CMakeFiles/f411_test.elf.dir/Drivers/STM32F4xx_HAL_Driver/Src/stm32f4xx_ll_usb.c.obj
                0x00000000080021f4                USB_SetDevSpeed
 *fill*         0x0000000008002202        0x2 
 .text.USB_DevInit
                0x0000000008002204      0x170 CMakeFiles/f411_test.elf.dir/Drivers/STM32F4xx_HAL_Driver/Src/stm32f4xx_ll_usb.c.obj
                0x0000000008002204                USB_DevInit
 .text.USB_GetDevSpeed
                0x0000000008002374       0x16 CMakeFiles/f411_test.elf.dir/Drivers/STM32F4xx_HAL_Driver/Src/stm32f4xx_ll_usb.c.obj
                0x0000000008002374                USB_GetDevSpeed
 .text.USB_ActivateEndpoint
                0x000000000800238a       0x7e CMakeFiles/f411_test.elf.dir/Drivers/STM32F4xx_HAL_Driver/Src/stm32f4xx_ll_usb.c.obj
                0x000000000800238a                USB_ActivateEndpoint
 .text.USB_DeactivateEndpoint
                0x0000000008002408       0xac CMakeFiles/f411_test.elf.dir/Drivers/STM32F4xx_HAL_Driver/Src/stm32f4xx_ll_usb.c.obj
                0x0000000008002408                USB_DeactivateEndpoint
 .text.USB_EP0StartXfer
                0x00000000080024b4       0xf8 CMakeFiles/f411_test.elf.dir/Drivers/STM32F4xx_HAL_Driver/Src/stm32f4xx_ll_usb.c.obj
                0x00000000080024b4                USB_EP0StartXfer
 .text.USB_EPStopXfer
                0x00000000080025ac       0x84 CMakeFiles/f411_test.elf.dir/Drivers/STM32F4xx_HAL_Driver/Src/stm32f4xx_ll_usb.c.obj
                0x00000000080025ac                USB_EPStopXfer
 .text.USB_WritePacket
                0x0000000008002630       0x26 CMakeFiles/f411_test.elf.dir/Drivers/STM32F4xx_HAL_Driver/Src/stm32f4xx_ll_usb.c.obj
                0x0000000008002630                USB_WritePacket
 *fill*         0x0000000008002656        0x2 
 .text.USB_EPStartXfer
                0x0000000008002658      0x1d4 CMakeFiles/f411_test.elf.dir/Drivers/STM32F4xx_HAL_Driver/Src/stm32f4xx_ll_usb.c.obj
                0x0000000008002658                USB_EPStartXfer
 .text.USB_ReadPacket
                0x000000000800282c       0x40 CMakeFiles/f411_test.elf.dir/Drivers/STM32F4xx_HAL_Driver/Src/stm32f4xx_ll_usb.c.obj
                0x000000000800282c                USB_ReadPacket
 .text.USB_EPSetStall
                0x000000000800286c       0x56 CMakeFiles/f411_test.elf.dir/Drivers/STM32F4xx_HAL_Driver/Src/stm32f4xx_ll_usb.c.obj
                0x000000000800286c                USB_EPSetStall
 .text.USB_EPClearStall
                0x00000000080028c2       0x52 CMakeFiles/f411_test.elf.dir/Drivers/STM32F4xx_HAL_Driver/Src/stm32f4xx_ll_usb.c.obj
                0x00000000080028c2                USB_EPClearStall
 .text.USB_SetDevAddress
                0x0000000008002914       0x20 CMakeFiles/f411_test.elf.dir/Drivers/STM32F4xx_HAL_Driver/Src/stm32f4xx_ll_usb.c.obj
                0x0000000008002914                USB_SetDevAddress
 .text.USB_DevConnect
                0x0000000008002934       0x1c CMakeFiles/f411_test.elf.dir/Drivers/STM32F4xx_HAL_Driver/Src/stm32f4xx_ll_usb.c.obj
                0x0000000008002934                USB_DevConnect
 .text.USB_DevDisconnect
                0x0000000008002950       0x1c CMakeFiles/f411_test.elf.dir/Drivers/STM32F4xx_HAL_Driver/Src/stm32f4xx_ll_usb.c.obj
                0x0000000008002950                USB_DevDisconnect
 .text.USB_ReadInterrupts
                0x000000000800296c        0x8 CMakeFiles/f411_test.elf.dir/Drivers/STM32F4xx_HAL_Driver/Src/stm32f4xx_ll_usb.c.obj
                0x000000000800296c                USB_ReadInterrupts
 .text.USB_ReadDevAllOutEpInterrupt
                0x0000000008002974       0x10 CMakeFiles/f411_test.elf.dir/Drivers/STM32F4xx_HAL_Driver/Src/stm32f4xx_ll_usb.c.obj
                0x0000000008002974                USB_ReadDevAllOutEpInterrupt
 .text.USB_ReadDevAllInEpInterrupt
                0x0000000008002984       0x10 CMakeFiles/f411_test.elf.dir/Drivers/STM32F4xx_HAL_Driver/Src/stm32f4xx_ll_usb.c.obj
                0x0000000008002984                USB_ReadDevAllInEpInterrupt
 .text.USB_ReadDevOutEPInterrupt
                0x0000000008002994       0x12 CMakeFiles/f411_test.elf.dir/Drivers/STM32F4xx_HAL_Driver/Src/stm32f4xx_ll_usb.c.obj
                0x0000000008002994                USB_ReadDevOutEPInterrupt
 .text.USB_ReadDevInEPInterrupt
                0x00000000080029a6       0x22 CMakeFiles/f411_test.elf.dir/Drivers/STM32F4xx_HAL_Driver/Src/stm32f4xx_ll_usb.c.obj
                0x00000000080029a6                USB_ReadDevInEPInterrupt
 .text.USB_GetMode
                0x00000000080029c8        0x8 CMakeFiles/f411_test.elf.dir/Drivers/STM32F4xx_HAL_Driver/Src/stm32f4xx_ll_usb.c.obj
                0x00000000080029c8                USB_GetMode
 .text.USB_ActivateSetup
                0x00000000080029d0       0x20 CMakeFiles/f411_test.elf.dir/Drivers/STM32F4xx_HAL_Driver/Src/stm32f4xx_ll_usb.c.obj
                0x00000000080029d0                USB_ActivateSetup
 .text.USB_EP0_OutStart
                0x00000000080029f0       0x4c CMakeFiles/f411_test.elf.dir/Drivers/STM32F4xx_HAL_Driver/Src/stm32f4xx_ll_usb.c.obj
                0x00000000080029f0                USB_EP0_OutStart
 .text.USBD_CDC_EP0_RxReady
                0x0000000008002a3c       0x36 CMakeFiles/f411_test.elf.dir/Middlewares/ST/STM32_USB_Device_Library/Class/CDC/Src/usbd_cdc.c.obj
 *fill*         0x0000000008002a72        0x2 
 .text.USBD_CDC_GetDeviceQualifierDescriptor
                0x0000000008002a74        0xc CMakeFiles/f411_test.elf.dir/Middlewares/ST/STM32_USB_Device_Library/Class/CDC/Src/usbd_cdc.c.obj
                0x0000000008002a74                USBD_CDC_GetDeviceQualifierDescriptor
 .text.USBD_CDC_GetFSCfgDesc
                0x0000000008002a80       0x48 CMakeFiles/f411_test.elf.dir/Middlewares/ST/STM32_USB_Device_Library/Class/CDC/Src/usbd_cdc.c.obj
 .text.USBD_CDC_GetOtherSpeedCfgDesc
                0x0000000008002ac8        0x4 CMakeFiles/f411_test.elf.dir/Middlewares/ST/STM32_USB_Device_Library/Class/CDC/Src/usbd_cdc.c.obj
 .text.USBD_CDC_GetHSCfgDesc
                0x0000000008002acc       0x48 CMakeFiles/f411_test.elf.dir/Middlewares/ST/STM32_USB_Device_Library/Class/CDC/Src/usbd_cdc.c.obj
 .text.USBD_CDC_DataOut
                0x0000000008002b14       0x38 CMakeFiles/f411_test.elf.dir/Middlewares/ST/STM32_USB_Device_Library/Class/CDC/Src/usbd_cdc.c.obj
 .text.USBD_CDC_DataIn
                0x0000000008002b4c       0x68 CMakeFiles/f411_test.elf.dir/Middlewares/ST/STM32_USB_Device_Library/Class/CDC/Src/usbd_cdc.c.obj
 .text.USBD_CDC_Setup
                0x0000000008002bb4      0x108 CMakeFiles/f411_test.elf.dir/Middlewares/ST/STM32_USB_Device_Library/Class/CDC/Src/usbd_cdc.c.obj
 .text.USBD_CDC_DeInit
                0x0000000008002cbc       0x5a CMakeFiles/f411_test.elf.dir/Middlewares/ST/STM32_USB_Device_Library/Class/CDC/Src/usbd_cdc.c.obj
 .text.USBD_CDC_Init
                0x0000000008002d16       0xd0 CMakeFiles/f411_test.elf.dir/Middlewares/ST/STM32_USB_Device_Library/Class/CDC/Src/usbd_cdc.c.obj
 .text.USBD_CDC_RegisterInterface
                0x0000000008002de6       0x16 CMakeFiles/f411_test.elf.dir/Middlewares/ST/STM32_USB_Device_Library/Class/CDC/Src/usbd_cdc.c.obj
                0x0000000008002de6                USBD_CDC_RegisterInterface
 .text.USBD_CDC_SetTxBuffer
                0x0000000008002dfc       0x1c CMakeFiles/f411_test.elf.dir/Middlewares/ST/STM32_USB_Device_Library/Class/CDC/Src/usbd_cdc.c.obj
                0x0000000008002dfc                USBD_CDC_SetTxBuffer
 .text.USBD_CDC_SetRxBuffer
                0x0000000008002e18       0x18 CMakeFiles/f411_test.elf.dir/Middlewares/ST/STM32_USB_Device_Library/Class/CDC/Src/usbd_cdc.c.obj
                0x0000000008002e18                USBD_CDC_SetRxBuffer
 .text.USBD_CDC_TransmitPacket
                0x0000000008002e30       0x36 CMakeFiles/f411_test.elf.dir/Middlewares/ST/STM32_USB_Device_Library/Class/CDC/Src/usbd_cdc.c.obj
                0x0000000008002e30                USBD_CDC_TransmitPacket
 .text.USBD_CDC_ReceivePacket
                0x0000000008002e66       0x34 CMakeFiles/f411_test.elf.dir/Middlewares/ST/STM32_USB_Device_Library/Class/CDC/Src/usbd_cdc.c.obj
                0x0000000008002e66                USBD_CDC_ReceivePacket
 .text.USBD_Init
                0x0000000008002e9a       0x26 CMakeFiles/f411_test.elf.dir/Middlewares/ST/STM32_USB_Device_Library/Core/Src/usbd_core.c.obj
                0x0000000008002e9a                USBD_Init
 .text.USBD_RegisterClass
                0x0000000008002ec0       0x32 CMakeFiles/f411_test.elf.dir/Middlewares/ST/STM32_USB_Device_Library/Core/Src/usbd_core.c.obj
                0x0000000008002ec0                USBD_RegisterClass
 .text.USBD_Start
                0x0000000008002ef2        0x4 CMakeFiles/f411_test.elf.dir/Middlewares/ST/STM32_USB_Device_Library/Core/Src/usbd_core.c.obj
                0x0000000008002ef2                USBD_Start
 .text.USBD_SetClassConfig
                0x0000000008002ef6        0xe CMakeFiles/f411_test.elf.dir/Middlewares/ST/STM32_USB_Device_Library/Core/Src/usbd_core.c.obj
                0x0000000008002ef6                USBD_SetClassConfig
 .text.USBD_ClrClassConfig
                0x0000000008002f04       0x12 CMakeFiles/f411_test.elf.dir/Middlewares/ST/STM32_USB_Device_Library/Core/Src/usbd_core.c.obj
                0x0000000008002f04                USBD_ClrClassConfig
 .text.USBD_LL_SetupStage
                0x0000000008002f16       0x60 CMakeFiles/f411_test.elf.dir/Middlewares/ST/STM32_USB_Device_Library/Core/Src/usbd_core.c.obj
                0x0000000008002f16                USBD_LL_SetupStage
 .text.USBD_LL_DataOutStage
                0x0000000008002f76       0x6a CMakeFiles/f411_test.elf.dir/Middlewares/ST/STM32_USB_Device_Library/Core/Src/usbd_core.c.obj
                0x0000000008002f76                USBD_LL_DataOutStage
 .text.USBD_LL_DataInStage
                0x0000000008002fe0       0xae CMakeFiles/f411_test.elf.dir/Middlewares/ST/STM32_USB_Device_Library/Core/Src/usbd_core.c.obj
                0x0000000008002fe0                USBD_LL_DataInStage
 .text.USBD_LL_Reset
                0x000000000800308e       0x5e CMakeFiles/f411_test.elf.dir/Middlewares/ST/STM32_USB_Device_Library/Core/Src/usbd_core.c.obj
                0x000000000800308e                USBD_LL_Reset
 .text.USBD_LL_SetSpeed
                0x00000000080030ec        0x6 CMakeFiles/f411_test.elf.dir/Middlewares/ST/STM32_USB_Device_Library/Core/Src/usbd_core.c.obj
                0x00000000080030ec                USBD_LL_SetSpeed
 .text.USBD_LL_Suspend
                0x00000000080030f2       0x14 CMakeFiles/f411_test.elf.dir/Middlewares/ST/STM32_USB_Device_Library/Core/Src/usbd_core.c.obj
                0x00000000080030f2                USBD_LL_Suspend
 .text.USBD_LL_Resume
                0x0000000008003106       0x16 CMakeFiles/f411_test.elf.dir/Middlewares/ST/STM32_USB_Device_Library/Core/Src/usbd_core.c.obj
                0x0000000008003106                USBD_LL_Resume
 .text.USBD_LL_SOF
                0x000000000800311c       0x1a CMakeFiles/f411_test.elf.dir/Middlewares/ST/STM32_USB_Device_Library/Core/Src/usbd_core.c.obj
                0x000000000800311c                USBD_LL_SOF
 .text.USBD_LL_IsoINIncomplete
                0x0000000008003136       0x28 CMakeFiles/f411_test.elf.dir/Middlewares/ST/STM32_USB_Device_Library/Core/Src/usbd_core.c.obj
                0x0000000008003136                USBD_LL_IsoINIncomplete
 .text.USBD_LL_IsoOUTIncomplete
                0x000000000800315e       0x28 CMakeFiles/f411_test.elf.dir/Middlewares/ST/STM32_USB_Device_Library/Core/Src/usbd_core.c.obj
                0x000000000800315e                USBD_LL_IsoOUTIncomplete
 .text.USBD_LL_DevConnected
                0x0000000008003186        0x4 CMakeFiles/f411_test.elf.dir/Middlewares/ST/STM32_USB_Device_Library/Core/Src/usbd_core.c.obj
                0x0000000008003186                USBD_LL_DevConnected
 .text.USBD_LL_DevDisconnected
                0x000000000800318a       0x20 CMakeFiles/f411_test.elf.dir/Middlewares/ST/STM32_USB_Device_Library/Core/Src/usbd_core.c.obj
                0x000000000800318a                USBD_LL_DevDisconnected
 .text.USBD_CoreFindIF
                0x00000000080031aa        0x4 CMakeFiles/f411_test.elf.dir/Middlewares/ST/STM32_USB_Device_Library/Core/Src/usbd_core.c.obj
                0x00000000080031aa                USBD_CoreFindIF
 .text.USBD_CoreFindEP
                0x00000000080031ae        0x4 CMakeFiles/f411_test.elf.dir/Middlewares/ST/STM32_USB_Device_Library/Core/Src/usbd_core.c.obj
                0x00000000080031ae                USBD_CoreFindEP
 .text.USBD_GetEpDesc
                0x00000000080031b2       0x24 CMakeFiles/f411_test.elf.dir/Middlewares/ST/STM32_USB_Device_Library/Core/Src/usbd_core.c.obj
                0x00000000080031b2                USBD_GetEpDesc
 .text.USBD_CtlError.constprop.0
                0x00000000080031d6       0x16 CMakeFiles/f411_test.elf.dir/Middlewares/ST/STM32_USB_Device_Library/Core/Src/usbd_ctlreq.c.obj
 .text.USBD_StdDevReq
                0x00000000080031ec      0x2a8 CMakeFiles/f411_test.elf.dir/Middlewares/ST/STM32_USB_Device_Library/Core/Src/usbd_ctlreq.c.obj
                0x00000000080031ec                USBD_StdDevReq
 .text.USBD_StdItfReq
                0x0000000008003494       0x5e CMakeFiles/f411_test.elf.dir/Middlewares/ST/STM32_USB_Device_Library/Core/Src/usbd_ctlreq.c.obj
                0x0000000008003494                USBD_StdItfReq
 .text.USBD_StdEPReq
                0x00000000080034f2      0x138 CMakeFiles/f411_test.elf.dir/Middlewares/ST/STM32_USB_Device_Library/Core/Src/usbd_ctlreq.c.obj
                0x00000000080034f2                USBD_StdEPReq
 .text.USBD_ParseSetupRequest
                0x000000000800362a       0x16 CMakeFiles/f411_test.elf.dir/Middlewares/ST/STM32_USB_Device_Library/Core/Src/usbd_ctlreq.c.obj
                0x000000000800362a                USBD_ParseSetupRequest
 .text.USBD_CtlError
                0x0000000008003640       0x16 CMakeFiles/f411_test.elf.dir/Middlewares/ST/STM32_USB_Device_Library/Core/Src/usbd_ctlreq.c.obj
                0x0000000008003640                USBD_CtlError
 .text.USBD_GetString
                0x0000000008003656       0x38 CMakeFiles/f411_test.elf.dir/Middlewares/ST/STM32_USB_Device_Library/Core/Src/usbd_ctlreq.c.obj
                0x0000000008003656                USBD_GetString
 .text.USBD_CtlSendData
                0x000000000800368e       0x1a CMakeFiles/f411_test.elf.dir/Middlewares/ST/STM32_USB_Device_Library/Core/Src/usbd_ioreq.c.obj
                0x000000000800368e                USBD_CtlSendData
 .text.USBD_CtlContinueSendData
                0x00000000080036a8       0x10 CMakeFiles/f411_test.elf.dir/Middlewares/ST/STM32_USB_Device_Library/Core/Src/usbd_ioreq.c.obj
                0x00000000080036a8                USBD_CtlContinueSendData
 .text.USBD_CtlPrepareRx
                0x00000000080036b8       0x1a CMakeFiles/f411_test.elf.dir/Middlewares/ST/STM32_USB_Device_Library/Core/Src/usbd_ioreq.c.obj
                0x00000000080036b8                USBD_CtlPrepareRx
 .text.USBD_CtlContinueRx
                0x00000000080036d2       0x10 CMakeFiles/f411_test.elf.dir/Middlewares/ST/STM32_USB_Device_Library/Core/Src/usbd_ioreq.c.obj
                0x00000000080036d2                USBD_CtlContinueRx
 .text.USBD_CtlSendStatus
                0x00000000080036e2       0x16 CMakeFiles/f411_test.elf.dir/Middlewares/ST/STM32_USB_Device_Library/Core/Src/usbd_ioreq.c.obj
                0x00000000080036e2                USBD_CtlSendStatus
 .text.USBD_CtlReceiveStatus
                0x00000000080036f8       0x16 CMakeFiles/f411_test.elf.dir/Middlewares/ST/STM32_USB_Device_Library/Core/Src/usbd_ioreq.c.obj
                0x00000000080036f8                USBD_CtlReceiveStatus
 .text.SysTick_Handler
                0x000000000800370e       0x1a CMakeFiles/f411_test.elf.dir/Middlewares/Third_Party/FreeRTOS/Source/CMSIS_RTOS_V2/cmsis_os2.c.obj
                0x000000000800370e                SysTick_Handler
 .text.osKernelInitialize
                0x0000000008003728       0x24 CMakeFiles/f411_test.elf.dir/Middlewares/Third_Party/FreeRTOS/Source/CMSIS_RTOS_V2/cmsis_os2.c.obj
                0x0000000008003728                osKernelInitialize
 .text.osKernelStart
                0x000000000800374c       0x34 CMakeFiles/f411_test.elf.dir/Middlewares/Third_Party/FreeRTOS/Source/CMSIS_RTOS_V2/cmsis_os2.c.obj
                0x000000000800374c                osKernelStart
 .text.osThreadNew
                0x0000000008003780       0x8e CMakeFiles/f411_test.elf.dir/Middlewares/Third_Party/FreeRTOS/Source/CMSIS_RTOS_V2/cmsis_os2.c.obj
                0x0000000008003780                osThreadNew
 .text.osDelay  0x000000000800380e       0x18 CMakeFiles/f411_test.elf.dir/Middlewares/Third_Party/FreeRTOS/Source/CMSIS_RTOS_V2/cmsis_os2.c.obj
                0x000000000800380e                osDelay
 .text.osMessageQueueNew
                0x0000000008003826       0x76 CMakeFiles/f411_test.elf.dir/Middlewares/Third_Party/FreeRTOS/Source/CMSIS_RTOS_V2/cmsis_os2.c.obj
                0x0000000008003826                osMessageQueueNew
 .text.vApplicationGetIdleTaskMemory
                0x000000000800389c       0x18 CMakeFiles/f411_test.elf.dir/Middlewares/Third_Party/FreeRTOS/Source/CMSIS_RTOS_V2/cmsis_os2.c.obj
                0x000000000800389c                vApplicationGetIdleTaskMemory
 .text.vApplicationGetTimerTaskMemory
                0x00000000080038b4       0x18 CMakeFiles/f411_test.elf.dir/Middlewares/Third_Party/FreeRTOS/Source/CMSIS_RTOS_V2/cmsis_os2.c.obj
                0x00000000080038b4                vApplicationGetTimerTaskMemory
 .text.vListInitialise
                0x00000000080038cc       0x16 CMakeFiles/f411_test.elf.dir/Middlewares/Third_Party/FreeRTOS/Source/list.c.obj
                0x00000000080038cc                vListInitialise
 .text.vListInitialiseItem
                0x00000000080038e2        0x6 CMakeFiles/f411_test.elf.dir/Middlewares/Third_Party/FreeRTOS/Source/list.c.obj
                0x00000000080038e2                vListInitialiseItem
 .text.vListInsertEnd
                0x00000000080038e8       0x18 CMakeFiles/f411_test.elf.dir/Middlewares/Third_Party/FreeRTOS/Source/list.c.obj
                0x00000000080038e8                vListInsertEnd
 .text.vListInsert
                0x0000000008003900       0x2e CMakeFiles/f411_test.elf.dir/Middlewares/Third_Party/FreeRTOS/Source/list.c.obj
                0x0000000008003900                vListInsert
 .text.uxListRemove
                0x000000000800392e       0x20 CMakeFiles/f411_test.elf.dir/Middlewares/Third_Party/FreeRTOS/Source/list.c.obj
                0x000000000800392e                uxListRemove
 *fill*         0x000000000800394e        0x2 
 .text.prvPortStartFirstTask
                0x0000000008003950       0x28 CMakeFiles/f411_test.elf.dir/Middlewares/Third_Party/FreeRTOS/Source/portable/GCC/ARM_CM4F/port.c.obj
 .text.vPortEnableVFP
                0x0000000008003978       0x14 CMakeFiles/f411_test.elf.dir/Middlewares/Third_Party/FreeRTOS/Source/portable/GCC/ARM_CM4F/port.c.obj
 .text.prvTaskExitError
                0x000000000800398c       0x40 CMakeFiles/f411_test.elf.dir/Middlewares/Third_Party/FreeRTOS/Source/portable/GCC/ARM_CM4F/port.c.obj
 .text.pxPortInitialiseStack
                0x00000000080039cc       0x2c CMakeFiles/f411_test.elf.dir/Middlewares/Third_Party/FreeRTOS/Source/portable/GCC/ARM_CM4F/port.c.obj
                0x00000000080039cc                pxPortInitialiseStack
 *fill*         0x00000000080039f8        0x8 
 .text.SVC_Handler
                0x0000000008003a00       0x24 CMakeFiles/f411_test.elf.dir/Middlewares/Third_Party/FreeRTOS/Source/portable/GCC/ARM_CM4F/port.c.obj
                0x0000000008003a00                SVC_Handler
 .text.vPortEnterCritical
                0x0000000008003a24       0x40 CMakeFiles/f411_test.elf.dir/Middlewares/Third_Party/FreeRTOS/Source/portable/GCC/ARM_CM4F/port.c.obj
                0x0000000008003a24                vPortEnterCritical
 .text.vPortExitCritical
                0x0000000008003a64       0x28 CMakeFiles/f411_test.elf.dir/Middlewares/Third_Party/FreeRTOS/Source/portable/GCC/ARM_CM4F/port.c.obj
                0x0000000008003a64                vPortExitCritical
 *fill*         0x0000000008003a8c        0x4 
 .text.PendSV_Handler
                0x0000000008003a90       0x64 CMakeFiles/f411_test.elf.dir/Middlewares/Third_Party/FreeRTOS/Source/portable/GCC/ARM_CM4F/port.c.obj
                0x0000000008003a90                PendSV_Handler
 .text.xPortSysTickHandler
                0x0000000008003af4       0x2c CMakeFiles/f411_test.elf.dir/Middlewares/Third_Party/FreeRTOS/Source/portable/GCC/ARM_CM4F/port.c.obj
                0x0000000008003af4                xPortSysTickHandler
 .text.vPortSetupTimerInterrupt
                0x0000000008003b20       0x24 CMakeFiles/f411_test.elf.dir/Middlewares/Third_Party/FreeRTOS/Source/portable/GCC/ARM_CM4F/port.c.obj
                0x0000000008003b20                vPortSetupTimerInterrupt
 .text.xPortStartScheduler
                0x0000000008003b44      0x10c CMakeFiles/f411_test.elf.dir/Middlewares/Third_Party/FreeRTOS/Source/portable/GCC/ARM_CM4F/port.c.obj
                0x0000000008003b44                xPortStartScheduler
 .text.vPortValidateInterruptPriority
                0x0000000008003c50       0x5c CMakeFiles/f411_test.elf.dir/Middlewares/Third_Party/FreeRTOS/Source/portable/GCC/ARM_CM4F/port.c.obj
                0x0000000008003c50                vPortValidateInterruptPriority
 .text.prvInsertBlockIntoFreeList
                0x0000000008003cac       0x4c CMakeFiles/f411_test.elf.dir/Middlewares/Third_Party/FreeRTOS/Source/portable/MemMang/heap_4.c.obj
 .text.pvPortMalloc
                0x0000000008003cf8      0x130 CMakeFiles/f411_test.elf.dir/Middlewares/Third_Party/FreeRTOS/Source/portable/MemMang/heap_4.c.obj
                0x0000000008003cf8                pvPortMalloc
 .text.vPortFree
                0x0000000008003e28       0x7c CMakeFiles/f411_test.elf.dir/Middlewares/Third_Party/FreeRTOS/Source/portable/MemMang/heap_4.c.obj
                0x0000000008003e28                vPortFree
 .text.prvIsQueueEmpty
                0x0000000008003ea4       0x16 CMakeFiles/f411_test.elf.dir/Middlewares/Third_Party/FreeRTOS/Source/queue.c.obj
 .text.prvCopyDataToQueue
                0x0000000008003eba       0x6a CMakeFiles/f411_test.elf.dir/Middlewares/Third_Party/FreeRTOS/Source/queue.c.obj
 .text.prvCopyDataFromQueue
                0x0000000008003f24       0x2c CMakeFiles/f411_test.elf.dir/Middlewares/Third_Party/FreeRTOS/Source/queue.c.obj
 .text.prvUnlockQueue
                0x0000000008003f50       0x70 CMakeFiles/f411_test.elf.dir/Middlewares/Third_Party/FreeRTOS/Source/queue.c.obj
 .text.xQueueGenericReset
                0x0000000008003fc0       0x7e CMakeFiles/f411_test.elf.dir/Middlewares/Third_Party/FreeRTOS/Source/queue.c.obj
                0x0000000008003fc0                xQueueGenericReset
 .text.xQueueGenericCreateStatic
                0x000000000800403e       0x9c CMakeFiles/f411_test.elf.dir/Middlewares/Third_Party/FreeRTOS/Source/queue.c.obj
                0x000000000800403e                xQueueGenericCreateStatic
 .text.xQueueGenericCreate
                0x00000000080040da       0x4e CMakeFiles/f411_test.elf.dir/Middlewares/Third_Party/FreeRTOS/Source/queue.c.obj
                0x00000000080040da                xQueueGenericCreate
 .text.xQueueGenericSend
                0x0000000008004128      0x166 CMakeFiles/f411_test.elf.dir/Middlewares/Third_Party/FreeRTOS/Source/queue.c.obj
                0x0000000008004128                xQueueGenericSend
 .text.xQueueGenericSendFromISR
                0x000000000800428e       0xc4 CMakeFiles/f411_test.elf.dir/Middlewares/Third_Party/FreeRTOS/Source/queue.c.obj
                0x000000000800428e                xQueueGenericSendFromISR
 .text.xQueueReceive
                0x0000000008004352      0x13e CMakeFiles/f411_test.elf.dir/Middlewares/Third_Party/FreeRTOS/Source/queue.c.obj
                0x0000000008004352                xQueueReceive
 .text.vQueueAddToRegistry
                0x0000000008004490       0x24 CMakeFiles/f411_test.elf.dir/Middlewares/Third_Party/FreeRTOS/Source/queue.c.obj
                0x0000000008004490                vQueueAddToRegistry
 .text.vQueueWaitForMessageRestricted
                0x00000000080044b4       0x46 CMakeFiles/f411_test.elf.dir/Middlewares/Third_Party/FreeRTOS/Source/queue.c.obj
                0x00000000080044b4                vQueueWaitForMessageRestricted
 *fill*         0x00000000080044fa        0x2 
 .text.prvAddNewTaskToReadyList
                0x00000000080044fc      0x100 CMakeFiles/f411_test.elf.dir/Middlewares/Third_Party/FreeRTOS/Source/tasks.c.obj
 .text.prvAddCurrentTaskToDelayedList
                0x00000000080045fc       0x70 CMakeFiles/f411_test.elf.dir/Middlewares/Third_Party/FreeRTOS/Source/tasks.c.obj
 .text.prvResetNextTaskUnblockTime
                0x000000000800466c       0x24 CMakeFiles/f411_test.elf.dir/Middlewares/Third_Party/FreeRTOS/Source/tasks.c.obj
 .text.prvDeleteTCB
                0x0000000008004690       0x3c CMakeFiles/f411_test.elf.dir/Middlewares/Third_Party/FreeRTOS/Source/tasks.c.obj
 .text.prvIdleTask
                0x00000000080046cc       0x60 CMakeFiles/f411_test.elf.dir/Middlewares/Third_Party/FreeRTOS/Source/tasks.c.obj
 .text.prvInitialiseNewTask.constprop.0
                0x000000000800472c       0xe4 CMakeFiles/f411_test.elf.dir/Middlewares/Third_Party/FreeRTOS/Source/tasks.c.obj
 .text.xTaskCreateStatic
                0x0000000008004810       0x74 CMakeFiles/f411_test.elf.dir/Middlewares/Third_Party/FreeRTOS/Source/tasks.c.obj
                0x0000000008004810                xTaskCreateStatic
 .text.xTaskCreate
                0x0000000008004884       0x5c CMakeFiles/f411_test.elf.dir/Middlewares/Third_Party/FreeRTOS/Source/tasks.c.obj
                0x0000000008004884                xTaskCreate
 .text.vTaskStartScheduler
                0x00000000080048e0       0xa0 CMakeFiles/f411_test.elf.dir/Middlewares/Third_Party/FreeRTOS/Source/tasks.c.obj
                0x00000000080048e0                vTaskStartScheduler
 .text.vTaskSuspendAll
                0x0000000008004980       0x10 CMakeFiles/f411_test.elf.dir/Middlewares/Third_Party/FreeRTOS/Source/tasks.c.obj
                0x0000000008004980                vTaskSuspendAll
 .text.xTaskGetTickCount
                0x0000000008004990        0xc CMakeFiles/f411_test.elf.dir/Middlewares/Third_Party/FreeRTOS/Source/tasks.c.obj
                0x0000000008004990                xTaskGetTickCount
 .text.xTaskIncrementTick
                0x000000000800499c      0x12c CMakeFiles/f411_test.elf.dir/Middlewares/Third_Party/FreeRTOS/Source/tasks.c.obj
                0x000000000800499c                xTaskIncrementTick
 .text.xTaskResumeAll
                0x0000000008004ac8       0xe8 CMakeFiles/f411_test.elf.dir/Middlewares/Third_Party/FreeRTOS/Source/tasks.c.obj
                0x0000000008004ac8                xTaskResumeAll
 .text.vTaskDelay
                0x0000000008004bb0       0x48 CMakeFiles/f411_test.elf.dir/Middlewares/Third_Party/FreeRTOS/Source/tasks.c.obj
                0x0000000008004bb0                vTaskDelay
 .text.vTaskSwitchContext
                0x0000000008004bf8       0x80 CMakeFiles/f411_test.elf.dir/Middlewares/Third_Party/FreeRTOS/Source/tasks.c.obj
                0x0000000008004bf8                vTaskSwitchContext
 .text.vTaskPlaceOnEventList
                0x0000000008004c78       0x34 CMakeFiles/f411_test.elf.dir/Middlewares/Third_Party/FreeRTOS/Source/tasks.c.obj
                0x0000000008004c78                vTaskPlaceOnEventList
 .text.vTaskPlaceOnEventListRestricted
                0x0000000008004cac       0x3c CMakeFiles/f411_test.elf.dir/Middlewares/Third_Party/FreeRTOS/Source/tasks.c.obj
                0x0000000008004cac                vTaskPlaceOnEventListRestricted
 .text.xTaskRemoveFromEventList
                0x0000000008004ce8       0x88 CMakeFiles/f411_test.elf.dir/Middlewares/Third_Party/FreeRTOS/Source/tasks.c.obj
                0x0000000008004ce8                xTaskRemoveFromEventList
 .text.vTaskInternalSetTimeOutState
                0x0000000008004d70       0x18 CMakeFiles/f411_test.elf.dir/Middlewares/Third_Party/FreeRTOS/Source/tasks.c.obj
                0x0000000008004d70                vTaskInternalSetTimeOutState
 .text.xTaskCheckForTimeOut
                0x0000000008004d88       0x78 CMakeFiles/f411_test.elf.dir/Middlewares/Third_Party/FreeRTOS/Source/tasks.c.obj
                0x0000000008004d88                xTaskCheckForTimeOut
 .text.vTaskMissedYield
                0x0000000008004e00        0xc CMakeFiles/f411_test.elf.dir/Middlewares/Third_Party/FreeRTOS/Source/tasks.c.obj
                0x0000000008004e00                vTaskMissedYield
 .text.xTaskGetSchedulerState
                0x0000000008004e0c       0x20 CMakeFiles/f411_test.elf.dir/Middlewares/Third_Party/FreeRTOS/Source/tasks.c.obj
                0x0000000008004e0c                xTaskGetSchedulerState
 .text.xTaskPriorityDisinherit
                0x0000000008004e2c       0x88 CMakeFiles/f411_test.elf.dir/Middlewares/Third_Party/FreeRTOS/Source/tasks.c.obj
                0x0000000008004e2c                xTaskPriorityDisinherit
 .text.prvCheckForValidListAndQueue
                0x0000000008004eb4       0x68 CMakeFiles/f411_test.elf.dir/Middlewares/Third_Party/FreeRTOS/Source/timers.c.obj
 .text.prvInsertTimerInActiveList
                0x0000000008004f1c       0x3c CMakeFiles/f411_test.elf.dir/Middlewares/Third_Party/FreeRTOS/Source/timers.c.obj
 .text.xTimerCreateTimerTask
                0x0000000008004f58       0x64 CMakeFiles/f411_test.elf.dir/Middlewares/Third_Party/FreeRTOS/Source/timers.c.obj
                0x0000000008004f58                xTimerCreateTimerTask
 .text.xTimerGenericCommand
                0x0000000008004fbc       0x58 CMakeFiles/f411_test.elf.dir/Middlewares/Third_Party/FreeRTOS/Source/timers.c.obj
                0x0000000008004fbc                xTimerGenericCommand
 .text.prvSampleTimeNow
                0x0000000008005014       0xac CMakeFiles/f411_test.elf.dir/Middlewares/Third_Party/FreeRTOS/Source/timers.c.obj
 .text.prvTimerTask
                0x00000000080050c0      0x1cc CMakeFiles/f411_test.elf.dir/Middlewares/Third_Party/FreeRTOS/Source/timers.c.obj
 .text.MX_USB_DEVICE_Init
                0x000000000800528c       0x50 CMakeFiles/f411_test.elf.dir/USB_DEVICE/App/usb_device.c.obj
                0x000000000800528c                MX_USB_DEVICE_Init
 .text.CDC_DeInit_FS
                0x00000000080052dc        0x4 CMakeFiles/f411_test.elf.dir/USB_DEVICE/App/usbd_cdc_if.c.obj
 .text.CDC_Control_FS
                0x00000000080052e0        0x4 CMakeFiles/f411_test.elf.dir/USB_DEVICE/App/usbd_cdc_if.c.obj
 .text.CDC_TransmitCplt_FS
                0x00000000080052e4        0x4 CMakeFiles/f411_test.elf.dir/USB_DEVICE/App/usbd_cdc_if.c.obj
 .text.CDC_Receive_FS
                0x00000000080052e8       0x24 CMakeFiles/f411_test.elf.dir/USB_DEVICE/App/usbd_cdc_if.c.obj
 .text.CDC_Init_FS
                0x000000000800530c       0x28 CMakeFiles/f411_test.elf.dir/USB_DEVICE/App/usbd_cdc_if.c.obj
 .text.CDC_Transmit_FS
                0x0000000008005334       0x2c CMakeFiles/f411_test.elf.dir/USB_DEVICE/App/usbd_cdc_if.c.obj
                0x0000000008005334                CDC_Transmit_FS
 .text.USBD_FS_DeviceDescriptor
                0x0000000008005360        0xc CMakeFiles/f411_test.elf.dir/USB_DEVICE/App/usbd_desc.c.obj
                0x0000000008005360                USBD_FS_DeviceDescriptor
 .text.USBD_FS_LangIDStrDescriptor
                0x000000000800536c        0xc CMakeFiles/f411_test.elf.dir/USB_DEVICE/App/usbd_desc.c.obj
                0x000000000800536c                USBD_FS_LangIDStrDescriptor
 .text.IntToUnicode
                0x0000000008005378       0x2a CMakeFiles/f411_test.elf.dir/USB_DEVICE/App/usbd_desc.c.obj
 *fill*         0x00000000080053a2        0x2 
 .text.USBD_FS_SerialStrDescriptor
                0x00000000080053a4       0x3c CMakeFiles/f411_test.elf.dir/USB_DEVICE/App/usbd_desc.c.obj
                0x00000000080053a4                USBD_FS_SerialStrDescriptor
 .text.USBD_FS_ManufacturerStrDescriptor
                0x00000000080053e0       0x1c CMakeFiles/f411_test.elf.dir/USB_DEVICE/App/usbd_desc.c.obj
                0x00000000080053e0                USBD_FS_ManufacturerStrDescriptor
 .text.USBD_FS_ProductStrDescriptor
                0x00000000080053fc       0x1c CMakeFiles/f411_test.elf.dir/USB_DEVICE/App/usbd_desc.c.obj
                0x00000000080053fc                USBD_FS_ProductStrDescriptor
 .text.USBD_FS_ConfigStrDescriptor
                0x0000000008005418       0x1c CMakeFiles/f411_test.elf.dir/USB_DEVICE/App/usbd_desc.c.obj
                0x0000000008005418                USBD_FS_ConfigStrDescriptor
 .text.USBD_FS_InterfaceStrDescriptor
                0x0000000008005434       0x1c CMakeFiles/f411_test.elf.dir/USB_DEVICE/App/usbd_desc.c.obj
                0x0000000008005434                USBD_FS_InterfaceStrDescriptor
 .text.HAL_PCD_MspInit
                0x0000000008005450       0x84 CMakeFiles/f411_test.elf.dir/USB_DEVICE/Target/usbd_conf.c.obj
                0x0000000008005450                HAL_PCD_MspInit
 .text.HAL_PCD_SetupStageCallback
                0x00000000080054d4        0xc CMakeFiles/f411_test.elf.dir/USB_DEVICE/Target/usbd_conf.c.obj
                0x00000000080054d4                HAL_PCD_SetupStageCallback
 .text.HAL_PCD_DataOutStageCallback
                0x00000000080054e0       0x12 CMakeFiles/f411_test.elf.dir/USB_DEVICE/Target/usbd_conf.c.obj
                0x00000000080054e0                HAL_PCD_DataOutStageCallback
 .text.HAL_PCD_DataInStageCallback
                0x00000000080054f2       0x10 CMakeFiles/f411_test.elf.dir/USB_DEVICE/Target/usbd_conf.c.obj
                0x00000000080054f2                HAL_PCD_DataInStageCallback
 .text.HAL_PCD_SOFCallback
                0x0000000008005502        0x8 CMakeFiles/f411_test.elf.dir/USB_DEVICE/Target/usbd_conf.c.obj
                0x0000000008005502                HAL_PCD_SOFCallback
 .text.HAL_PCD_ResetCallback
                0x000000000800550a       0x24 CMakeFiles/f411_test.elf.dir/USB_DEVICE/Target/usbd_conf.c.obj
                0x000000000800550a                HAL_PCD_ResetCallback
 *fill*         0x000000000800552e        0x2 
 .text.HAL_PCD_SuspendCallback
                0x0000000008005530       0x30 CMakeFiles/f411_test.elf.dir/USB_DEVICE/Target/usbd_conf.c.obj
                0x0000000008005530                HAL_PCD_SuspendCallback
 .text.HAL_PCD_ResumeCallback
                0x0000000008005560        0x8 CMakeFiles/f411_test.elf.dir/USB_DEVICE/Target/usbd_conf.c.obj
                0x0000000008005560                HAL_PCD_ResumeCallback
 .text.HAL_PCD_ISOOUTIncompleteCallback
                0x0000000008005568        0x8 CMakeFiles/f411_test.elf.dir/USB_DEVICE/Target/usbd_conf.c.obj
                0x0000000008005568                HAL_PCD_ISOOUTIncompleteCallback
 .text.HAL_PCD_ISOINIncompleteCallback
                0x0000000008005570        0x8 CMakeFiles/f411_test.elf.dir/USB_DEVICE/Target/usbd_conf.c.obj
                0x0000000008005570                HAL_PCD_ISOINIncompleteCallback
 .text.HAL_PCD_ConnectCallback
                0x0000000008005578        0x8 CMakeFiles/f411_test.elf.dir/USB_DEVICE/Target/usbd_conf.c.obj
                0x0000000008005578                HAL_PCD_ConnectCallback
 .text.HAL_PCD_DisconnectCallback
                0x0000000008005580        0x8 CMakeFiles/f411_test.elf.dir/USB_DEVICE/Target/usbd_conf.c.obj
                0x0000000008005580                HAL_PCD_DisconnectCallback
 .text.USBD_LL_Init
                0x0000000008005588       0x5c CMakeFiles/f411_test.elf.dir/USB_DEVICE/Target/usbd_conf.c.obj
                0x0000000008005588                USBD_LL_Init
 .text.USBD_LL_IsStallEP
                0x00000000080055e4       0x26 CMakeFiles/f411_test.elf.dir/USB_DEVICE/Target/usbd_conf.c.obj
                0x00000000080055e4                USBD_LL_IsStallEP
 .text.USBD_LL_GetRxDataSize
                0x000000000800560a        0x8 CMakeFiles/f411_test.elf.dir/USB_DEVICE/Target/usbd_conf.c.obj
                0x000000000800560a                USBD_LL_GetRxDataSize
 *fill*         0x0000000008005612        0x2 
 .text.USBD_static_malloc
                0x0000000008005614        0x8 CMakeFiles/f411_test.elf.dir/USB_DEVICE/Target/usbd_conf.c.obj
                0x0000000008005614                USBD_static_malloc
 .text.USBD_static_free
                0x000000000800561c        0x2 CMakeFiles/f411_test.elf.dir/USB_DEVICE/Target/usbd_conf.c.obj
                0x000000000800561c                USBD_static_free
 *fill*         0x000000000800561e        0x2 
 .text.USBD_Get_USB_Status
                0x0000000008005620       0x10 CMakeFiles/f411_test.elf.dir/USB_DEVICE/Target/usbd_conf.c.obj
                0x0000000008005620                USBD_Get_USB_Status
 .text.USBD_LL_Start
                0x0000000008005630       0x12 CMakeFiles/f411_test.elf.dir/USB_DEVICE/Target/usbd_conf.c.obj
                0x0000000008005630                USBD_LL_Start
 .text.USBD_LL_OpenEP
                0x0000000008005642       0x18 CMakeFiles/f411_test.elf.dir/USB_DEVICE/Target/usbd_conf.c.obj
                0x0000000008005642                USBD_LL_OpenEP
 .text.USBD_LL_CloseEP
                0x000000000800565a       0x12 CMakeFiles/f411_test.elf.dir/USB_DEVICE/Target/usbd_conf.c.obj
                0x000000000800565a                USBD_LL_CloseEP
 .text.USBD_LL_StallEP
                0x000000000800566c       0x12 CMakeFiles/f411_test.elf.dir/USB_DEVICE/Target/usbd_conf.c.obj
                0x000000000800566c                USBD_LL_StallEP
 .text.USBD_LL_ClearStallEP
                0x000000000800567e       0x12 CMakeFiles/f411_test.elf.dir/USB_DEVICE/Target/usbd_conf.c.obj
                0x000000000800567e                USBD_LL_ClearStallEP
 .text.USBD_LL_SetUSBAddress
                0x0000000008005690       0x12 CMakeFiles/f411_test.elf.dir/USB_DEVICE/Target/usbd_conf.c.obj
                0x0000000008005690                USBD_LL_SetUSBAddress
 .text.USBD_LL_Transmit
                0x00000000080056a2       0x12 CMakeFiles/f411_test.elf.dir/USB_DEVICE/Target/usbd_conf.c.obj
                0x00000000080056a2                USBD_LL_Transmit
 .text.USBD_LL_PrepareReceive
                0x00000000080056b4       0x12 CMakeFiles/f411_test.elf.dir/USB_DEVICE/Target/usbd_conf.c.obj
                0x00000000080056b4                USBD_LL_PrepareReceive
 .text.__udivmoddi4
                0x00000000080056c6      0x272 /usr/lib/gcc/arm-none-eabi/11.2.0/thumb/v7e-m/nofp/libgcc.a(_udivmoddi4.o)
                0x00000000080056c6                __udivmoddi4
 .text.atexit   0x0000000008005938        0xc /usr/lib/gcc/arm-none-eabi/11.2.0/../../../../arm-none-eabi/lib/thumb/v7e-m/nofp/libc.a(lib_a-atexit.o)
                0x0000000008005938                atexit
 .text.__errno  0x0000000008005944        0xc /usr/lib/gcc/arm-none-eabi/11.2.0/../../../../arm-none-eabi/lib/thumb/v7e-m/nofp/libc.a(lib_a-errno.o)
                0x0000000008005944                __errno
 .text.__libc_fini_array
                0x0000000008005950       0x2c /usr/lib/gcc/arm-none-eabi/11.2.0/../../../../arm-none-eabi/lib/thumb/v7e-m/nofp/libc.a(lib_a-fini.o)
                0x0000000008005950                __libc_fini_array
 .text.__libc_init_array
                0x000000000800597c       0x48 /usr/lib/gcc/arm-none-eabi/11.2.0/../../../../arm-none-eabi/lib/thumb/v7e-m/nofp/libc.a(lib_a-init.o)
                0x000000000800597c                __libc_init_array
 .text.memset   0x00000000080059c4       0xa4 /usr/lib/gcc/arm-none-eabi/11.2.0/../../../../arm-none-eabi/lib/thumb/v7e-m/nofp/libc.a(lib_a-memset.o)
                0x00000000080059c4                memset
 .text.cleanup_glue
                0x0000000008005a68       0x48 /usr/lib/gcc/arm-none-eabi/11.2.0/../../../../arm-none-eabi/lib/thumb/v7e-m/nofp/libc.a(lib_a-reent.o)
                0x0000000008005a68                cleanup_glue
 .text._reclaim_reent
                0x0000000008005ab0       0x90 /usr/lib/gcc/arm-none-eabi/11.2.0/../../../../arm-none-eabi/lib/thumb/v7e-m/nofp/libc.a(lib_a-reent.o)
                0x0000000008005ab0                _reclaim_reent
 .text.__register_exitproc
                0x0000000008005b40       0x84 /usr/lib/gcc/arm-none-eabi/11.2.0/../../../../arm-none-eabi/lib/thumb/v7e-m/nofp/libc.a(lib_a-__atexit.o)
                0x0000000008005b40                __register_exitproc
 .text.startup.register_fini
                0x0000000008005bc4       0x14 /usr/lib/gcc/arm-none-eabi/11.2.0/../../../../arm-none-eabi/lib/thumb/v7e-m/nofp/libc.a(lib_a-__call_atexit.o)
 .text._malloc_trim_r
                0x0000000008005bd8       0xa0 /usr/lib/gcc/arm-none-eabi/11.2.0/../../../../arm-none-eabi/lib/thumb/v7e-m/nofp/libc.a(lib_a-freer.o)
                0x0000000008005bd8                _malloc_trim_r
 .text._free_r  0x0000000008005c78      0x1f8 /usr/lib/gcc/arm-none-eabi/11.2.0/../../../../arm-none-eabi/lib/thumb/v7e-m/nofp/libc.a(lib_a-freer.o)
                0x0000000008005c78                _free_r
 .text.__retarget_lock_acquire_recursive
                0x0000000008005e70        0x4 /usr/lib/gcc/arm-none-eabi/11.2.0/../../../../arm-none-eabi/lib/thumb/v7e-m/nofp/libc.a(lib_a-lock.o)
                0x0000000008005e70                __retarget_lock_acquire_recursive
 .text.__retarget_lock_release_recursive
                0x0000000008005e74        0x4 /usr/lib/gcc/arm-none-eabi/11.2.0/../../../../arm-none-eabi/lib/thumb/v7e-m/nofp/libc.a(lib_a-lock.o)
                0x0000000008005e74                __retarget_lock_release_recursive
 .text.__malloc_lock
                0x0000000008005e78        0xc /usr/lib/gcc/arm-none-eabi/11.2.0/../../../../arm-none-eabi/lib/thumb/v7e-m/nofp/libc.a(lib_a-mlock.o)
                0x0000000008005e78                __malloc_lock
 .text.__malloc_unlock
                0x0000000008005e84        0xc /usr/lib/gcc/arm-none-eabi/11.2.0/../../../../arm-none-eabi/lib/thumb/v7e-m/nofp/libc.a(lib_a-mlock.o)
                0x0000000008005e84                __malloc_unlock
 .text._sbrk_r  0x0000000008005e90       0x24 /usr/lib/gcc/arm-none-eabi/11.2.0/../../../../arm-none-eabi/lib/thumb/v7e-m/nofp/libc.a(lib_a-sbrkr.o)
                0x0000000008005e90                _sbrk_r
 *(.glue_7)
 .glue_7        0x0000000008005eb4        0x0 linker stubs
 *(.glue_7t)
 .glue_7t       0x0000000008005eb4        0x0 linker stubs
 *(.eh_frame)
 .eh_frame      0x0000000008005eb4        0x0 /usr/lib/gcc/arm-none-eabi/11.2.0/thumb/v7e-m/nofp/crtbegin.o
 *(.init)
 .init          0x0000000008005eb4        0x4 /usr/lib/gcc/arm-none-eabi/11.2.0/thumb/v7e-m/nofp/crti.o
                0x0000000008005eb4                _init
 .init          0x0000000008005eb8        0x8 /usr/lib/gcc/arm-none-eabi/11.2.0/thumb/v7e-m/nofp/crtn.o
 *(.fini)
 .fini          0x0000000008005ec0        0x4 /usr/lib/gcc/arm-none-eabi/11.2.0/thumb/v7e-m/nofp/crti.o
                0x0000000008005ec0                _fini
 .fini          0x0000000008005ec4        0x8 /usr/lib/gcc/arm-none-eabi/11.2.0/thumb/v7e-m/nofp/crtn.o
                0x0000000008005ecc                . = ALIGN (0x4)
                0x0000000008005ecc                _etext = .

.vfp11_veneer   0x0000000008005ecc        0x0
 .vfp11_veneer  0x0000000008005ecc        0x0 linker stubs

.v4_bx          0x0000000008005ecc        0x0
 .v4_bx         0x0000000008005ecc        0x0 linker stubs

.iplt           0x0000000008005ecc        0x0
 .iplt          0x0000000008005ecc        0x0 /usr/lib/gcc/arm-none-eabi/11.2.0/thumb/v7e-m/nofp/crtbegin.o

.rodata         0x0000000008005ecc       0xe4
                0x0000000008005ecc                . = ALIGN (0x4)
 *(.rodata)
 *(.rodata*)
 .rodata.str1.1
                0x0000000008005ecc       0x24 CMakeFiles/f411_test.elf.dir/Core/Src/freertos.c.obj
 .rodata.defaultTask_attributes
                0x0000000008005ef0       0x24 CMakeFiles/f411_test.elf.dir/Core/Src/freertos.c.obj
                0x0000000008005ef0                defaultTask_attributes
 .rodata.usbReceiveQueue_attributes
                0x0000000008005f14       0x18 CMakeFiles/f411_test.elf.dir/Core/Src/freertos.c.obj
                0x0000000008005f14                usbReceiveQueue_attributes
 .rodata.usbTask_attributes
                0x0000000008005f2c       0x24 CMakeFiles/f411_test.elf.dir/Core/Src/freertos.c.obj
                0x0000000008005f2c                usbTask_attributes
 .rodata.AHBPrescTable
                0x0000000008005f50       0x10 CMakeFiles/f411_test.elf.dir/Core/Src/system_stm32f4xx.c.obj
                0x0000000008005f50                AHBPrescTable
 .rodata.APBPrescTable
                0x0000000008005f60        0x8 CMakeFiles/f411_test.elf.dir/Core/Src/system_stm32f4xx.c.obj
                0x0000000008005f60                APBPrescTable
 .rodata.vTaskStartScheduler.str1.1
                0x0000000008005f68        0x5 CMakeFiles/f411_test.elf.dir/Middlewares/Third_Party/FreeRTOS/Source/tasks.c.obj
 .rodata.prvCheckForValidListAndQueue.str1.1
                0x0000000008005f6d        0x5 CMakeFiles/f411_test.elf.dir/Middlewares/Third_Party/FreeRTOS/Source/timers.c.obj
 .rodata.xTimerCreateTimerTask.str1.1
                0x0000000008005f72        0x8 CMakeFiles/f411_test.elf.dir/Middlewares/Third_Party/FreeRTOS/Source/timers.c.obj
 .rodata.USBD_FS_ManufacturerStrDescriptor.str1.1
                0x0000000008005f7a        0x8 CMakeFiles/f411_test.elf.dir/USB_DEVICE/App/usbd_desc.c.obj
 .rodata.USBD_FS_ProductStrDescriptor.str1.1
                0x0000000008005f82        0xb CMakeFiles/f411_test.elf.dir/USB_DEVICE/App/usbd_desc.c.obj
 .rodata.USBD_FS_ConfigStrDescriptor.str1.1
                0x0000000008005f8d        0xb CMakeFiles/f411_test.elf.dir/USB_DEVICE/App/usbd_desc.c.obj
 .rodata.USBD_FS_InterfaceStrDescriptor.str1.1
                0x0000000008005f98        0xe CMakeFiles/f411_test.elf.dir/USB_DEVICE/App/usbd_desc.c.obj
 .rodata.CSWTCH.23
                0x0000000008005fa6        0x4 CMakeFiles/f411_test.elf.dir/USB_DEVICE/Target/usbd_conf.c.obj
 *fill*         0x0000000008005faa        0x2 
 .rodata._global_impure_ptr
                0x0000000008005fac        0x4 /usr/lib/gcc/arm-none-eabi/11.2.0/../../../../arm-none-eabi/lib/thumb/v7e-m/nofp/libc.a(lib_a-impure.o)
                0x0000000008005fac                _global_impure_ptr
                0x0000000008005fb0                . = ALIGN (0x4)

.ARM.extab      0x0000000008005fb0        0x0
                0x0000000008005fb0                . = ALIGN (0x4)
 *(.ARM.extab* .gnu.linkonce.armextab.*)
                0x0000000008005fb0                . = ALIGN (0x4)

.ARM            0x0000000008005fb0        0x8
                0x0000000008005fb0                . = ALIGN (0x4)
                0x0000000008005fb0                __exidx_start = .
 *(.ARM.exidx*)
 .ARM.exidx.text.__udivmoddi4
                0x0000000008005fb0        0x8 /usr/lib/gcc/arm-none-eabi/11.2.0/thumb/v7e-m/nofp/libgcc.a(_udivmoddi4.o)
                0x0000000008005fb8                __exidx_end = .
                0x0000000008005fb8                . = ALIGN (0x4)

.rel.dyn        0x0000000008005fb8        0x0
 .rel.iplt      0x0000000008005fb8        0x0 /usr/lib/gcc/arm-none-eabi/11.2.0/thumb/v7e-m/nofp/crtbegin.o

.preinit_array  0x0000000008005fb8        0x0
                0x0000000008005fb8                . = ALIGN (0x4)
                0x0000000008005fb8                PROVIDE (__preinit_array_start = .)
 *(.preinit_array*)
                0x0000000008005fb8                PROVIDE (__preinit_array_end = .)
                0x0000000008005fb8                . = ALIGN (0x4)

.init_array     0x0000000008005fb8        0x8
                0x0000000008005fb8                . = ALIGN (0x4)
                0x0000000008005fb8                PROVIDE (__init_array_start = .)
 *(SORT_BY_NAME(.init_array.*))
 .init_array.00000
                0x0000000008005fb8        0x4 /usr/lib/gcc/arm-none-eabi/11.2.0/../../../../arm-none-eabi/lib/thumb/v7e-m/nofp/libc.a(lib_a-__call_atexit.o)
 *(.init_array*)
 .init_array    0x0000000008005fbc        0x4 /usr/lib/gcc/arm-none-eabi/11.2.0/thumb/v7e-m/nofp/crtbegin.o
                0x0000000008005fc0                PROVIDE (__init_array_end = .)
                0x0000000008005fc0                . = ALIGN (0x4)

.fini_array     0x0000000008005fc0        0x4
                0x0000000008005fc0                . = ALIGN (0x4)
                0x0000000008005fc0                PROVIDE (__fini_array_start = .)
 *(SORT_BY_NAME(.fini_array.*))
 *(.fini_array*)
 .fini_array    0x0000000008005fc0        0x4 /usr/lib/gcc/arm-none-eabi/11.2.0/thumb/v7e-m/nofp/crtbegin.o
                0x0000000008005fc4                PROVIDE (__fini_array_end = .)
                0x0000000008005fc4                . = ALIGN (0x4)
                0x0000000008005fc4                _sidata = LOADADDR (.data)

.data           0x0000000020000000      0x93c load address 0x0000000008005fc4
                0x0000000020000000                . = ALIGN (0x4)
                0x0000000020000000                _sdata = .
 *(.data)
 *(.data*)
 .data.SystemCoreClock
                0x0000000020000000        0x4 CMakeFiles/f411_test.elf.dir/Core/Src/system_stm32f4xx.c.obj
                0x0000000020000000                SystemCoreClock
 .data.uwTickFreq
                0x0000000020000004        0x1 CMakeFiles/f411_test.elf.dir/Drivers/STM32F4xx_HAL_Driver/Src/stm32f4xx_hal.c.obj
                0x0000000020000004                uwTickFreq
 *fill*         0x0000000020000005        0x3 
 .data.uwTickPrio
                0x0000000020000008        0x4 CMakeFiles/f411_test.elf.dir/Drivers/STM32F4xx_HAL_Driver/Src/stm32f4xx_hal.c.obj
                0x0000000020000008                uwTickPrio
 .data.USBD_CDC
                0x000000002000000c       0x38 CMakeFiles/f411_test.elf.dir/Middlewares/ST/STM32_USB_Device_Library/Class/CDC/Src/usbd_cdc.c.obj
                0x000000002000000c                USBD_CDC
 .data.USBD_CDC_CfgDesc
                0x0000000020000044       0x43 CMakeFiles/f411_test.elf.dir/Middlewares/ST/STM32_USB_Device_Library/Class/CDC/Src/usbd_cdc.c.obj
 *fill*         0x0000000020000087        0x1 
 .data.USBD_CDC_DeviceQualifierDesc
                0x0000000020000088        0xa CMakeFiles/f411_test.elf.dir/Middlewares/ST/STM32_USB_Device_Library/Class/CDC/Src/usbd_cdc.c.obj
 *fill*         0x0000000020000092        0x2 
 .data.uxCriticalNesting
                0x0000000020000094        0x4 CMakeFiles/f411_test.elf.dir/Middlewares/Third_Party/FreeRTOS/Source/portable/GCC/ARM_CM4F/port.c.obj
 .data.USBD_Interface_fops_FS
                0x0000000020000098       0x14 CMakeFiles/f411_test.elf.dir/USB_DEVICE/App/usbd_cdc_if.c.obj
                0x0000000020000098                USBD_Interface_fops_FS
 .data.FS_Desc  0x00000000200000ac       0x1c CMakeFiles/f411_test.elf.dir/USB_DEVICE/App/usbd_desc.c.obj
                0x00000000200000ac                FS_Desc
 .data.USBD_FS_DeviceDesc
                0x00000000200000c8       0x12 CMakeFiles/f411_test.elf.dir/USB_DEVICE/App/usbd_desc.c.obj
                0x00000000200000c8                USBD_FS_DeviceDesc
 *fill*         0x00000000200000da        0x2 
 .data.USBD_LangIDDesc
                0x00000000200000dc        0x4 CMakeFiles/f411_test.elf.dir/USB_DEVICE/App/usbd_desc.c.obj
                0x00000000200000dc                USBD_LangIDDesc
 .data.USBD_StringSerial
                0x00000000200000e0       0x1a CMakeFiles/f411_test.elf.dir/USB_DEVICE/App/usbd_desc.c.obj
                0x00000000200000e0                USBD_StringSerial
 *fill*         0x00000000200000fa        0x2 
 .data._impure_ptr
                0x00000000200000fc        0x4 /usr/lib/gcc/arm-none-eabi/11.2.0/../../../../arm-none-eabi/lib/thumb/v7e-m/nofp/libc.a(lib_a-impure.o)
                0x00000000200000fc                _impure_ptr
 .data.impure_data
                0x0000000020000100      0x428 /usr/lib/gcc/arm-none-eabi/11.2.0/../../../../arm-none-eabi/lib/thumb/v7e-m/nofp/libc.a(lib_a-impure.o)
 .data.__atexit_recursive_mutex
                0x0000000020000528        0x4 /usr/lib/gcc/arm-none-eabi/11.2.0/../../../../arm-none-eabi/lib/thumb/v7e-m/nofp/libc.a(lib_a-__call_atexit.o)
                0x0000000020000528                __atexit_recursive_mutex
 .data.__malloc_av_
                0x000000002000052c      0x408 /usr/lib/gcc/arm-none-eabi/11.2.0/../../../../arm-none-eabi/lib/thumb/v7e-m/nofp/libc.a(lib_a-mallocr.o)
                0x000000002000052c                __malloc_av_
 .data.__malloc_sbrk_base
                0x0000000020000934        0x4 /usr/lib/gcc/arm-none-eabi/11.2.0/../../../../arm-none-eabi/lib/thumb/v7e-m/nofp/libc.a(lib_a-mallocr.o)
                0x0000000020000934                __malloc_sbrk_base
 .data.__malloc_trim_threshold
                0x0000000020000938        0x4 /usr/lib/gcc/arm-none-eabi/11.2.0/../../../../arm-none-eabi/lib/thumb/v7e-m/nofp/libc.a(lib_a-mallocr.o)
                0x0000000020000938                __malloc_trim_threshold
 *(.RamFunc)
 *(.RamFunc*)
                0x000000002000093c                . = ALIGN (0x4)
                0x000000002000093c                _edata = .

.igot.plt       0x000000002000093c        0x0 load address 0x0000000008006900
 .igot.plt      0x000000002000093c        0x0 /usr/lib/gcc/arm-none-eabi/11.2.0/thumb/v7e-m/nofp/crtbegin.o
                0x000000002000093c                . = ALIGN (0x4)

.bss            0x0000000020000940     0x6ec0 load address 0x0000000008006900
                0x0000000020000940                _sbss = .
                0x0000000020000940                __bss_start__ = _sbss
 *(.bss)
 *(.bss*)
 .bss.completed.1
                0x0000000020000940        0x1 /usr/lib/gcc/arm-none-eabi/11.2.0/thumb/v7e-m/nofp/crtbegin.o
 *fill*         0x0000000020000941        0x3 
 .bss.object.0  0x0000000020000944       0x18 /usr/lib/gcc/arm-none-eabi/11.2.0/thumb/v7e-m/nofp/crtbegin.o
 .bss.defaultTaskHandle
                0x000000002000095c        0x4 CMakeFiles/f411_test.elf.dir/Core/Src/freertos.c.obj
                0x000000002000095c                defaultTaskHandle
 .bss.usbReceiveQueueHandle
                0x0000000020000960        0x4 CMakeFiles/f411_test.elf.dir/Core/Src/freertos.c.obj
                0x0000000020000960                usbReceiveQueueHandle
 .bss.usbTaskHandle
                0x0000000020000964        0x4 CMakeFiles/f411_test.elf.dir/Core/Src/freertos.c.obj
                0x0000000020000964                usbTaskHandle
 .bss.currentMillis
                0x0000000020000968        0x4 CMakeFiles/f411_test.elf.dir/Core/Src/gpio.c.obj
                0x0000000020000968                currentMillis
 .bss.previousMillis
                0x000000002000096c        0x4 CMakeFiles/f411_test.elf.dir/Core/Src/gpio.c.obj
                0x000000002000096c                previousMillis
 .bss.hi2c1     0x0000000020000970       0x54 CMakeFiles/f411_test.elf.dir/Core/Src/i2c.c.obj
                0x0000000020000970                hi2c1
 .bss.htim11    0x00000000200009c4       0x48 CMakeFiles/f411_test.elf.dir/Core/Src/stm32f4xx_hal_timebase_tim.c.obj
                0x00000000200009c4                htim11
 .bss.__sbrk_heap_end
                0x0000000020000a0c        0x4 CMakeFiles/f411_test.elf.dir/Core/Src/sysmem.c.obj
 .bss.uwTick    0x0000000020000a10        0x4 CMakeFiles/f411_test.elf.dir/Drivers/STM32F4xx_HAL_Driver/Src/stm32f4xx_hal.c.obj
                0x0000000020000a10                uwTick
 .bss.cfgidx.0  0x0000000020000a14        0x1 CMakeFiles/f411_test.elf.dir/Middlewares/ST/STM32_USB_Device_Library/Core/Src/usbd_ctlreq.c.obj
 *fill*         0x0000000020000a15        0x3 
 .bss.Idle_Stack.2
                0x0000000020000a18      0x200 CMakeFiles/f411_test.elf.dir/Middlewares/Third_Party/FreeRTOS/Source/CMSIS_RTOS_V2/cmsis_os2.c.obj
 .bss.Idle_TCB.3
                0x0000000020000c18      0x488 CMakeFiles/f411_test.elf.dir/Middlewares/Third_Party/FreeRTOS/Source/CMSIS_RTOS_V2/cmsis_os2.c.obj
 .bss.KernelState
                0x00000000200010a0        0x4 CMakeFiles/f411_test.elf.dir/Middlewares/Third_Party/FreeRTOS/Source/CMSIS_RTOS_V2/cmsis_os2.c.obj
 .bss.Timer_Stack.0
                0x00000000200010a4      0x400 CMakeFiles/f411_test.elf.dir/Middlewares/Third_Party/FreeRTOS/Source/CMSIS_RTOS_V2/cmsis_os2.c.obj
 *fill*         0x00000000200014a4        0x4 
 .bss.Timer_TCB.1
                0x00000000200014a8      0x488 CMakeFiles/f411_test.elf.dir/Middlewares/Third_Party/FreeRTOS/Source/CMSIS_RTOS_V2/cmsis_os2.c.obj
 .bss.ucMaxSysCallPriority
                0x0000000020001930        0x1 CMakeFiles/f411_test.elf.dir/Middlewares/Third_Party/FreeRTOS/Source/portable/GCC/ARM_CM4F/port.c.obj
 *fill*         0x0000000020001931        0x3 
 .bss.ulMaxPRIGROUPValue
                0x0000000020001934        0x4 CMakeFiles/f411_test.elf.dir/Middlewares/Third_Party/FreeRTOS/Source/portable/GCC/ARM_CM4F/port.c.obj
 .bss.pxEnd     0x0000000020001938        0x4 CMakeFiles/f411_test.elf.dir/Middlewares/Third_Party/FreeRTOS/Source/portable/MemMang/heap_4.c.obj
 .bss.ucHeap    0x000000002000193c     0x3c00 CMakeFiles/f411_test.elf.dir/Middlewares/Third_Party/FreeRTOS/Source/portable/MemMang/heap_4.c.obj
 .bss.xBlockAllocatedBit
                0x000000002000553c        0x4 CMakeFiles/f411_test.elf.dir/Middlewares/Third_Party/FreeRTOS/Source/portable/MemMang/heap_4.c.obj
 .bss.xFreeBytesRemaining
                0x0000000020005540        0x4 CMakeFiles/f411_test.elf.dir/Middlewares/Third_Party/FreeRTOS/Source/portable/MemMang/heap_4.c.obj
 .bss.xMinimumEverFreeBytesRemaining
                0x0000000020005544        0x4 CMakeFiles/f411_test.elf.dir/Middlewares/Third_Party/FreeRTOS/Source/portable/MemMang/heap_4.c.obj
 .bss.xNumberOfSuccessfulAllocations
                0x0000000020005548        0x4 CMakeFiles/f411_test.elf.dir/Middlewares/Third_Party/FreeRTOS/Source/portable/MemMang/heap_4.c.obj
 .bss.xNumberOfSuccessfulFrees
                0x000000002000554c        0x4 CMakeFiles/f411_test.elf.dir/Middlewares/Third_Party/FreeRTOS/Source/portable/MemMang/heap_4.c.obj
 .bss.xStart    0x0000000020005550        0x8 CMakeFiles/f411_test.elf.dir/Middlewares/Third_Party/FreeRTOS/Source/portable/MemMang/heap_4.c.obj
 .bss.xQueueRegistry
                0x0000000020005558       0x40 CMakeFiles/f411_test.elf.dir/Middlewares/Third_Party/FreeRTOS/Source/queue.c.obj
                0x0000000020005558                xQueueRegistry
 .bss.pxCurrentTCB
                0x0000000020005598        0x4 CMakeFiles/f411_test.elf.dir/Middlewares/Third_Party/FreeRTOS/Source/tasks.c.obj
                0x0000000020005598                pxCurrentTCB
 .bss.pxDelayedTaskList
                0x000000002000559c        0x4 CMakeFiles/f411_test.elf.dir/Middlewares/Third_Party/FreeRTOS/Source/tasks.c.obj
 .bss.pxOverflowDelayedTaskList
                0x00000000200055a0        0x4 CMakeFiles/f411_test.elf.dir/Middlewares/Third_Party/FreeRTOS/Source/tasks.c.obj
 .bss.pxReadyTasksLists
                0x00000000200055a4      0x460 CMakeFiles/f411_test.elf.dir/Middlewares/Third_Party/FreeRTOS/Source/tasks.c.obj
 .bss.uxCurrentNumberOfTasks
                0x0000000020005a04        0x4 CMakeFiles/f411_test.elf.dir/Middlewares/Third_Party/FreeRTOS/Source/tasks.c.obj
 .bss.uxDeletedTasksWaitingCleanUp
                0x0000000020005a08        0x4 CMakeFiles/f411_test.elf.dir/Middlewares/Third_Party/FreeRTOS/Source/tasks.c.obj
 .bss.uxSchedulerSuspended
                0x0000000020005a0c        0x4 CMakeFiles/f411_test.elf.dir/Middlewares/Third_Party/FreeRTOS/Source/tasks.c.obj
 .bss.uxTaskNumber
                0x0000000020005a10        0x4 CMakeFiles/f411_test.elf.dir/Middlewares/Third_Party/FreeRTOS/Source/tasks.c.obj
 .bss.uxTopReadyPriority
                0x0000000020005a14        0x4 CMakeFiles/f411_test.elf.dir/Middlewares/Third_Party/FreeRTOS/Source/tasks.c.obj
 .bss.xDelayedTaskList1
                0x0000000020005a18       0x14 CMakeFiles/f411_test.elf.dir/Middlewares/Third_Party/FreeRTOS/Source/tasks.c.obj
 .bss.xDelayedTaskList2
                0x0000000020005a2c       0x14 CMakeFiles/f411_test.elf.dir/Middlewares/Third_Party/FreeRTOS/Source/tasks.c.obj
 .bss.xNextTaskUnblockTime
                0x0000000020005a40        0x4 CMakeFiles/f411_test.elf.dir/Middlewares/Third_Party/FreeRTOS/Source/tasks.c.obj
 .bss.xNumOfOverflows
                0x0000000020005a44        0x4 CMakeFiles/f411_test.elf.dir/Middlewares/Third_Party/FreeRTOS/Source/tasks.c.obj
 .bss.xPendedTicks
                0x0000000020005a48        0x4 CMakeFiles/f411_test.elf.dir/Middlewares/Third_Party/FreeRTOS/Source/tasks.c.obj
 .bss.xPendingReadyList
                0x0000000020005a4c       0x14 CMakeFiles/f411_test.elf.dir/Middlewares/Third_Party/FreeRTOS/Source/tasks.c.obj
 .bss.xSchedulerRunning
                0x0000000020005a60        0x4 CMakeFiles/f411_test.elf.dir/Middlewares/Third_Party/FreeRTOS/Source/tasks.c.obj
 .bss.xSuspendedTaskList
                0x0000000020005a64       0x14 CMakeFiles/f411_test.elf.dir/Middlewares/Third_Party/FreeRTOS/Source/tasks.c.obj
 .bss.xTasksWaitingTermination
                0x0000000020005a78       0x14 CMakeFiles/f411_test.elf.dir/Middlewares/Third_Party/FreeRTOS/Source/tasks.c.obj
 .bss.xTickCount
                0x0000000020005a8c        0x4 CMakeFiles/f411_test.elf.dir/Middlewares/Third_Party/FreeRTOS/Source/tasks.c.obj
 .bss.xYieldPending
                0x0000000020005a90        0x4 CMakeFiles/f411_test.elf.dir/Middlewares/Third_Party/FreeRTOS/Source/tasks.c.obj
 .bss.pxCurrentTimerList
                0x0000000020005a94        0x4 CMakeFiles/f411_test.elf.dir/Middlewares/Third_Party/FreeRTOS/Source/timers.c.obj
 .bss.pxOverflowTimerList
                0x0000000020005a98        0x4 CMakeFiles/f411_test.elf.dir/Middlewares/Third_Party/FreeRTOS/Source/timers.c.obj
 .bss.ucStaticTimerQueueStorage.1
                0x0000000020005a9c       0xa0 CMakeFiles/f411_test.elf.dir/Middlewares/Third_Party/FreeRTOS/Source/timers.c.obj
 .bss.xActiveTimerList1
                0x0000000020005b3c       0x14 CMakeFiles/f411_test.elf.dir/Middlewares/Third_Party/FreeRTOS/Source/timers.c.obj
 .bss.xActiveTimerList2
                0x0000000020005b50       0x14 CMakeFiles/f411_test.elf.dir/Middlewares/Third_Party/FreeRTOS/Source/timers.c.obj
 .bss.xLastTime.2
                0x0000000020005b64        0x4 CMakeFiles/f411_test.elf.dir/Middlewares/Third_Party/FreeRTOS/Source/timers.c.obj
 .bss.xStaticTimerQueue.0
                0x0000000020005b68       0x50 CMakeFiles/f411_test.elf.dir/Middlewares/Third_Party/FreeRTOS/Source/timers.c.obj
 .bss.xTimerQueue
                0x0000000020005bb8        0x4 CMakeFiles/f411_test.elf.dir/Middlewares/Third_Party/FreeRTOS/Source/timers.c.obj
 .bss.xTimerTaskHandle
                0x0000000020005bbc        0x4 CMakeFiles/f411_test.elf.dir/Middlewares/Third_Party/FreeRTOS/Source/timers.c.obj
 .bss.hUsbDeviceFS
                0x0000000020005bc0      0x2dc CMakeFiles/f411_test.elf.dir/USB_DEVICE/App/usb_device.c.obj
                0x0000000020005bc0                hUsbDeviceFS
 .bss.UserRxBufferFS
                0x0000000020005e9c      0x800 CMakeFiles/f411_test.elf.dir/USB_DEVICE/App/usbd_cdc_if.c.obj
                0x0000000020005e9c                UserRxBufferFS
 .bss.UserTxBufferFS
                0x000000002000669c      0x800 CMakeFiles/f411_test.elf.dir/USB_DEVICE/App/usbd_cdc_if.c.obj
                0x000000002000669c                UserTxBufferFS
 .bss.USBD_StrDesc
                0x0000000020006e9c      0x200 CMakeFiles/f411_test.elf.dir/USB_DEVICE/App/usbd_desc.c.obj
                0x0000000020006e9c                USBD_StrDesc
 .bss.hpcd_USB_OTG_FS
                0x000000002000709c      0x50c CMakeFiles/f411_test.elf.dir/USB_DEVICE/Target/usbd_conf.c.obj
                0x000000002000709c                hpcd_USB_OTG_FS
 .bss.mem.0     0x00000000200075a8      0x220 CMakeFiles/f411_test.elf.dir/USB_DEVICE/Target/usbd_conf.c.obj
 .bss.errno     0x00000000200077c8        0x4 /usr/lib/gcc/arm-none-eabi/11.2.0/../../../../arm-none-eabi/lib/thumb/v7e-m/nofp/libc.a(lib_a-reent.o)
                0x00000000200077c8                errno
 .bss.__lock___atexit_recursive_mutex
                0x00000000200077cc        0x1 /usr/lib/gcc/arm-none-eabi/11.2.0/../../../../arm-none-eabi/lib/thumb/v7e-m/nofp/libc.a(lib_a-lock.o)
                0x00000000200077cc                __lock___atexit_recursive_mutex
 *fill*         0x00000000200077cd        0x3 
 .bss.__lock___malloc_recursive_mutex
                0x00000000200077d0        0x1 /usr/lib/gcc/arm-none-eabi/11.2.0/../../../../arm-none-eabi/lib/thumb/v7e-m/nofp/libc.a(lib_a-lock.o)
                0x00000000200077d0                __lock___malloc_recursive_mutex
 *fill*         0x00000000200077d1        0x3 
 .bss.__malloc_current_mallinfo
                0x00000000200077d4       0x28 /usr/lib/gcc/arm-none-eabi/11.2.0/../../../../arm-none-eabi/lib/thumb/v7e-m/nofp/libc.a(lib_a-mallocr.o)
                0x00000000200077d4                __malloc_current_mallinfo
 .bss.__malloc_top_pad
                0x00000000200077fc        0x4 /usr/lib/gcc/arm-none-eabi/11.2.0/../../../../arm-none-eabi/lib/thumb/v7e-m/nofp/libc.a(lib_a-mallocr.o)
                0x00000000200077fc                __malloc_top_pad
 *(COMMON)
                0x0000000020007800                . = ALIGN (0x4)
                0x0000000020007800                _ebss = .
                0x0000000020007800                __bss_end__ = _ebss

._user_heap_stack
                0x0000000020007800      0x600 load address 0x0000000008006900
                0x0000000020007800                . = ALIGN (0x8)
                [!provide]                        PROVIDE (end = .)
                0x0000000020007800                PROVIDE (_end = .)
                0x0000000020007a00                . = (. + _Min_Heap_Size)
 *fill*         0x0000000020007800      0x200 
                0x0000000020007e00                . = (. + _Min_Stack_Size)
 *fill*         0x0000000020007a00      0x400 
                0x0000000020007e00                . = ALIGN (0x8)

/DISCARD/
 libc.a(*)
 libm.a(*)